<html>
<body>
<pre>
<h1>µVision Build Log</h1>
<h2>Tool Versions:</h2>
IDE-Version: ¶ÃVision V5.14.0.0
Copyright (C) 2015 ARM Ltd and ARM Germany GmbH. All rights reserved.
License Information: 1 Á≠âÈ£é‰πü?, HP Inc., LIC=EPPLD-8YK8U-XCHJ0-B8241-UEXB3-1UHMR
 
Tool Versions:
Toolchain:       MDK-ARM Professional  Version: 5.14.0.0
Toolchain Path:  D:\MDK\ARM\ARMCC\Bin
C Compiler:      Armcc.exe V5.05 update 1 (build 106)
Assembler:       Armasm.exe V5.05 update 1 (build 106)
Linker/Locator:  ArmLink.exe V5.05 update 1 (build 106)
Library Manager: ArmAr.exe V5.05 update 1 (build 106)
Hex Converter:   FromElf.exe V5.05 update 1 (build 106)
CPU DLL:         SARMCM3.DLL V5.14.0.0
Dialog DLL:      DARMCM1.DLL V1.12.0.0
Target DLL:      STLink\ST-LINKIII-KEIL_SWO.dll V2.0.14.0_KEIL
Dialog DLL:      TARMCM1.DLL V1.9.0.0
 
<h2>Project:</h2>
C:\Users\Administrator\Desktop\GL206\LCD12232+Menu+DSP–≠“È - ∏±±æ\LCD12232\MDK-ARM\LCD12232.uvprojx
Project File Date:  05/14/2026

<h2>Output:</h2>
Build target 'LCD12232'
assembling startup_stm32g0b1xx.s...
compiling lcd12232.c...
compiling encoder.c...
..\Core\Src\encoder.c(70): warning:  #223-D: function "LCD12232_ShowString8x8" declared implicitly
      LCD12232_ShowString8x8(0, titleCol, title);
..\Core\Src\encoder.c: 1 warning, 0 errors
compiling menu.c...
..\Core\Src\menu.c(137): warning:  #223-D: function "LCD12232_ShowString8x8" declared implicitly
              LCD12232_ShowString8x8(i + 1, 0, buf);
..\Core\Src\menu.c(159): warning:  #223-D: function "LCD12232_ShowString8x8" declared implicitly
              LCD12232_ShowString8x8(i + 1, 0, buf);
..\Core\Src\menu.c(182): warning:  #223-D: function "LCD12232_ShowString8x8" declared implicitly
              LCD12232_ShowString8x8(i + 1, 0, buf);
..\Core\Src\menu.c(203): warning:  #223-D: function "LCD12232_ShowString8x8" declared implicitly
              LCD12232_ShowString8x8(i + 1, 0, buf);
..\Core\Src\menu.c(211): warning:  #223-D: function "LCD12232_ShowString8x8" declared implicitly
      LCD12232_ShowString8x8(1, infoCol, "INFO");
..\Core\Src\menu.c(220): warning:  #223-D: function "LCD12232_ShowString8x8" declared implicitly
      LCD12232_ShowString8x8(1, titleCol, "DEFAULT");
..\Core\Src\menu.c(266): warning:  #223-D: function "LCD12232_ShowString8x8" declared implicitly
              LCD12232_ShowString8x8(i + 1, 0, buf);
..\Core\Src\menu.c(287): warning:  #223-D: function "LCD12232_ShowString8x8" declared implicitly
              LCD12232_ShowString8x8(i + 1, 0, buf);
..\Core\Src\menu.c(296): warning:  #223-D: function "LCD12232_ShowString8x8" declared implicitly
      LCD12232_ShowString8x8(1, titleStartCol, "PRESET");
..\Core\Src\menu.c: 9 warnings, 0 errors
compiling multi_button.c...
compiling main.c...
compiling gpio.c...
compiling dma.c...
compiling spi.c...
compiling tim.c...
compiling usart.c...
compiling stm32g0xx_it.c...
../Core/Src/stm32g0xx_it.c(153): warning:  #223-D: function "HAL_GPIO_EXTI_Callback" declared implicitly
          HAL_GPIO_EXTI_Callback(ENC_KEY_Pin);
../Core/Src/stm32g0xx_it.c(166): warning:  #223-D: function "HAL_GPIO_EXTI_Callback" declared implicitly
      HAL_GPIO_EXTI_Callback(ENC_A_Pin);
../Core/Src/stm32g0xx_it.c: 2 warnings, 0 errors
compiling stm32g0xx_hal_msp.c...
compiling dl04d.c...
compiling stm32g0xx_hal_spi.c...
compiling stm32g0xx_hal_spi_ex.c...
compiling stm32g0xx_hal_rcc.c...
compiling stm32g0xx_hal_rcc_ex.c...
compiling stm32g0xx_ll_rcc.c...
compiling stm32g0xx_hal_flash.c...
compiling stm32g0xx_hal_flash_ex.c...
compiling stm32g0xx_hal_gpio.c...
compiling stm32g0xx_hal_dma.c...
compiling stm32g0xx_hal_dma_ex.c...
compiling stm32g0xx_hal_pwr.c...
compiling stm32g0xx_hal_pwr_ex.c...
compiling stm32g0xx_hal_cortex.c...
compiling stm32g0xx_hal.c...
compiling stm32g0xx_hal_exti.c...
compiling stm32g0xx_hal_tim.c...
compiling stm32g0xx_hal_tim_ex.c...
compiling stm32g0xx_hal_uart.c...
compiling stm32g0xx_hal_uart_ex.c...
compiling system_stm32g0xx.c...
linking...
Program Size: Code=18432 RO-data=4484 RW-data=108 ZI-data=1748  
FromELF: creating hex file...
"LCD12232\LCD12232.axf" - 0 Error(s), 12 Warning(s).

<h2>Software Packages used:</h2>

Package Vendor: ARM
                http://www.keil.com/pack/ARM.CMSIS.4.2.0.pack
                ARM::CMSIS:CORE:3.40.0
                CMSIS (Cortex Microcontroller Software Interface Standard)
   * Component: CORE Version: 3.40.0

<h2>Collection of Component include folders:</h2>
  C:\Users\Administrator\Desktop\GL206\LCD12232+Menu+DSP–≠“È - ∏±±æ\LCD12232\MDK-ARM\RTE
  D:\MDK\ARM\PACK\ARM\CMSIS\4.2.0\CMSIS\Include

<h2>Collection of Component Files used:</h2>

   * Component: ARM::CMSIS:CORE:3.40.0
      Source file:   CMSIS\UserCodeTemplates\ARM\ITM_Retarget.c
</pre>
</body>
</html>
