Component: ARM Compiler 5.05 update 1 (build 106) Tool: armlink [4d0efa]

==============================================================================

Section Cross References

    startup_stm32g0b1xx.o(RESET) refers to startup_stm32g0b1xx.o(STACK) for __initial_sp
    startup_stm32g0b1xx.o(RESET) refers to startup_stm32g0b1xx.o(.text) for Reset_Handler
    startup_stm32g0b1xx.o(RESET) refers to stm32g0xx_it.o(i.NMI_Handler) for NMI_Handler
    startup_stm32g0b1xx.o(RESET) refers to stm32g0xx_it.o(i.HardFault_Handler) for HardFault_Handler
    startup_stm32g0b1xx.o(RESET) refers to stm32g0xx_it.o(i.SVC_Handler) for SVC_Handler
    startup_stm32g0b1xx.o(RESET) refers to stm32g0xx_it.o(i.PendSV_Handler) for PendSV_Handler
    startup_stm32g0b1xx.o(RESET) refers to stm32g0xx_it.o(i.SysTick_Handler) for SysTick_Handler
    startup_stm32g0b1xx.o(RESET) refers to stm32g0xx_it.o(i.EXTI2_3_IRQHandler) for EXTI2_3_IRQHandler
    startup_stm32g0b1xx.o(RESET) refers to stm32g0xx_it.o(i.EXTI4_15_IRQHandler) for EXTI4_15_IRQHandler
    startup_stm32g0b1xx.o(RESET) refers to stm32g0xx_it.o(i.DMA1_Channel1_IRQHandler) for DMA1_Channel1_IRQHandler
    startup_stm32g0b1xx.o(RESET) refers to stm32g0xx_it.o(i.USART1_IRQHandler) for USART1_IRQHandler
    startup_stm32g0b1xx.o(.text) refers to system_stm32g0xx.o(i.SystemInit) for SystemInit
    startup_stm32g0b1xx.o(.text) refers to entry.o(.ARM.Collect$$$$00000000) for __main
    lcd12232.o(i.LCD12232_Clear) refers to lcd12232.o(i.LCD12232_SetPos) for LCD12232_SetPos
    lcd12232.o(i.LCD12232_Clear) refers to lcd12232.o(i.LCD12232_WriteData) for LCD12232_WriteData
    lcd12232.o(i.LCD12232_DispDots) refers to lcd12232.o(i.LCD12232_SetPos) for LCD12232_SetPos
    lcd12232.o(i.LCD12232_DispDots) refers to lcd12232.o(i.LCD12232_WriteData) for LCD12232_WriteData
    lcd12232.o(i.LCD12232_DispFram) refers to lcd12232.o(i.LCD12232_SetPos) for LCD12232_SetPos
    lcd12232.o(i.LCD12232_DispFram) refers to lcd12232.o(i.LCD12232_WriteData) for LCD12232_WriteData
    lcd12232.o(i.LCD12232_DispPic) refers to lcd12232.o(i.LCD12232_SetPos) for LCD12232_SetPos
    lcd12232.o(i.LCD12232_DispPic) refers to lcd12232.o(i.LCD12232_WriteData) for LCD12232_WriteData
    lcd12232.o(i.LCD12232_DispPic_122x32) refers to lcd12232.o(i.LCD12232_SetPos) for LCD12232_SetPos
    lcd12232.o(i.LCD12232_DispPic_122x32) refers to lcd12232.o(i.LCD12232_WriteData) for LCD12232_WriteData
    lcd12232.o(i.LCD12232_FillRow) refers to lcd12232.o(i.LCD12232_SetPos) for LCD12232_SetPos
    lcd12232.o(i.LCD12232_FillRow) refers to lcd12232.o(i.LCD12232_WriteData) for LCD12232_WriteData
    lcd12232.o(i.LCD12232_Init) refers to stm32g0xx_hal_gpio.o(i.HAL_GPIO_WritePin) for HAL_GPIO_WritePin
    lcd12232.o(i.LCD12232_Init) refers to stm32g0xx_hal.o(i.HAL_Delay) for HAL_Delay
    lcd12232.o(i.LCD12232_Init) refers to lcd12232.o(i.LCD12232_WriteCmd) for LCD12232_WriteCmd
    lcd12232.o(i.LCD12232_Init) refers to lcd12232.o(i.LCD12232_Clear) for LCD12232_Clear
    lcd12232.o(i.LCD12232_Init) refers to lcd12232.o(.data) for .data
    lcd12232.o(i.LCD12232_SetContrast) refers to lcd12232.o(i.LCD12232_WriteCmd) for LCD12232_WriteCmd
    lcd12232.o(i.LCD12232_SetContrast) refers to uidiv.o(.text) for __aeabi_uidivmod
    lcd12232.o(i.LCD12232_SetContrast) refers to lcd12232.o(i.LCD12232_SetPos) for LCD12232_SetPos
    lcd12232.o(i.LCD12232_SetContrast) refers to lcd12232.o(i.LCD12232_WriteData) for LCD12232_WriteData
    lcd12232.o(i.LCD12232_SetContrast) refers to lcd12232.o(.data) for .data
    lcd12232.o(i.LCD12232_SetContrast) refers to lcd12232.o(.constdata) for .constdata
    lcd12232.o(i.LCD12232_SetPos) refers to lcd12232.o(i.LCD12232_WriteCmd) for LCD12232_WriteCmd
    lcd12232.o(i.LCD12232_ShowChinese) refers to lcd12232.o(i.LCD12232_SetPos) for LCD12232_SetPos
    lcd12232.o(i.LCD12232_ShowChinese) refers to lcd12232.o(i.LCD12232_WriteData) for LCD12232_WriteData
    lcd12232.o(i.LCD12232_ShowChinese) refers to lcd12232.o(.constdata) for .constdata
    lcd12232.o(i.LCD12232_ShowDigit) refers to uidiv.o(.text) for __aeabi_uidivmod
    lcd12232.o(i.LCD12232_ShowDigit) refers to lcd12232.o(i.LCD12232_SetPos) for LCD12232_SetPos
    lcd12232.o(i.LCD12232_ShowDigit) refers to lcd12232.o(i.LCD12232_WriteData) for LCD12232_WriteData
    lcd12232.o(i.LCD12232_ShowDigit) refers to lcd12232.o(.constdata) for .constdata
    lcd12232.o(i.LCD12232_ShowString) refers to lcd12232.o(i.LCD12232_SetPos) for LCD12232_SetPos
    lcd12232.o(i.LCD12232_ShowString) refers to lcd12232.o(i.LCD12232_WriteData) for LCD12232_WriteData
    lcd12232.o(i.LCD12232_ShowString) refers to lcd12232.o(.constdata) for .constdata
    lcd12232.o(i.LCD12232_ShowString8x8) refers to lcd12232.o(i.LCD12232_SetPos) for LCD12232_SetPos
    lcd12232.o(i.LCD12232_ShowString8x8) refers to lcd12232.o(i.LCD12232_WriteData) for LCD12232_WriteData
    lcd12232.o(i.LCD12232_ShowString8x8) refers to lcd12232.o(.constdata) for .constdata
[...]
    ../clib/microlib/string/strncpy.c        0x00000000   Number         0  strncpy.o ABSOLUTE
    ../clib/microlib/string/strstr.c         0x00000000   Number         0  strstr.o ABSOLUTE
    ../clib/microlib/stubs.s                 0x00000000   Number         0  iusesemip.o ABSOLUTE
    ../clib/microlib/stubs.s                 0x00000000   Number         0  iusefp.o ABSOLUTE
    ../fplib/microlib/fpadd.c                0x00000000   Number         0  dadd.o ABSOLUTE
    ../fplib/microlib/fpdiv.c                0x00000000   Number         0  ddiv.o ABSOLUTE
    ../fplib/microlib/fpepilogue.c           0x00000000   Number         0  depilogue.o ABSOLUTE
    ../fplib/microlib/fpfix.c                0x00000000   Number         0  dfixul.o ABSOLUTE
    ../fplib/microlib/fpmul.c                0x00000000   Number         0  dmul.o ABSOLUTE
    ..\Core\Src\dl04d.c                      0x00000000   Number         0  dl04d.o ABSOLUTE
    ..\Core\Src\dma.c                        0x00000000   Number         0  dma.o ABSOLUTE
    ..\Core\Src\encoder.c                    0x00000000   Number         0  encoder.o ABSOLUTE
    ..\Core\Src\gpio.c                       0x00000000   Number         0  gpio.o ABSOLUTE
    ..\Core\Src\lcd12232.c                   0x00000000   Number         0  lcd12232.o ABSOLUTE
    ..\Core\Src\main.c                       0x00000000   Number         0  main.o ABSOLUTE
    ..\Core\Src\menu.c                       0x00000000   Number         0  menu.o ABSOLUTE
    ..\Core\Src\multi_button.c               0x00000000   Number         0  multi_button.o ABSOLUTE
    ..\Core\Src\spi.c                        0x00000000   Number         0  spi.o ABSOLUTE
    ..\Core\Src\stm32g0xx_hal_msp.c          0x00000000   Number         0  stm32g0xx_hal_msp.o ABSOLUTE
    ..\Core\Src\stm32g0xx_it.c               0x00000000   Number         0  stm32g0xx_it.o ABSOLUTE
    ..\Core\Src\system_stm32g0xx.c           0x00000000   Number         0  system_stm32g0xx.o ABSOLUTE
    ..\Core\Src\tim.c                        0x00000000   Number         0  tim.o ABSOLUTE
    ..\Core\Src\usart.c                      0x00000000   Number         0  usart.o ABSOLUTE
    ..\Drivers\STM32G0xx_HAL_Driver\Src\stm32g0xx_hal.c 0x00000000   Number         0  stm32g0xx_hal.o ABSOLUTE
    ..\Drivers\STM32G0xx_HAL_Driver\Src\stm32g0xx_hal_cortex.c 0x00000000   Number         0  stm32g0xx_hal_cortex.o ABSOLUTE
    ..\Drivers\STM32G0xx_HAL_Driver\Src\stm32g0xx_hal_dma.c 0x00000000   Number         0  stm32g0xx_hal_dma.o ABSOLUTE
    ..\Drivers\STM32G0xx_HAL_Driver\Src\stm32g0xx_hal_dma_ex.c 0x00000000   Number         0  stm32g0xx_hal_dma_ex.o ABSOLUTE
    ..\Drivers\STM32G0xx_HAL_Driver\Src\stm32g0xx_hal_exti.c 0x00000000   Number         0  stm32g0xx_hal_exti.o ABSOLUTE
    ..\Drivers\STM32G0xx_HAL_Driver\Src\stm32g0xx_hal_flash.c 0x00000000   Number         0  stm32g0xx_hal_flash.o ABSOLUTE
    ..\Drivers\STM32G0xx_HAL_Driver\Src\stm32g0xx_hal_flash_ex.c 0x00000000   Number         0  stm32g0xx_hal_flash_ex.o ABSOLUTE
    ..\Drivers\STM32G0xx_HAL_Driver\Src\stm32g0xx_hal_gpio.c 0x00000000   Number         0  stm32g0xx_hal_gpio.o ABSOLUTE
    ..\Drivers\STM32G0xx_HAL_Driver\Src\stm32g0xx_hal_pwr.c 0x00000000   Number         0  stm32g0xx_hal_pwr.o ABSOLUTE
    ..\Drivers\STM32G0xx_HAL_Driver\Src\stm32g0xx_hal_pwr_ex.c 0x00000000   Number         0  stm32g0xx_hal_pwr_ex.o ABSOLUTE
    ..\Drivers\STM32G0xx_HAL_Driver\Src\stm32g0xx_hal_rcc.c 0x00000000   Number         0  stm32g0xx_hal_rcc.o ABSOLUTE
    ..\Drivers\STM32G0xx_HAL_Driver\Src\stm32g0xx_hal_rcc_ex.c 0x00000000   Number         0  stm32g0xx_hal_rcc_ex.o ABSOLUTE
    ..\Drivers\STM32G0xx_HAL_Driver\Src\stm32g0xx_hal_spi.c 0x00000000   Number         0  stm32g0xx_hal_spi.o ABSOLUTE
    ..\Drivers\STM32G0xx_HAL_Driver\Src\stm32g0xx_hal_spi_ex.c 0x00000000   Number         0  stm32g0xx_hal_spi_ex.o ABSOLUTE
    ..\Drivers\STM32G0xx_HAL_Driver\Src\stm32g0xx_hal_tim.c 0x00000000   Number         0  stm32g0xx_hal_tim.o ABSOLUTE
    ..\Drivers\STM32G0xx_HAL_Driver\Src\stm32g0xx_hal_tim_ex.c 0x00000000   Number         0  stm32g0xx_hal_tim_ex.o ABSOLUTE
    ..\Drivers\STM32G0xx_HAL_Driver\Src\stm32g0xx_hal_uart.c 0x00000000   Number         0  stm32g0xx_hal_uart.o ABSOLUTE
    ..\Drivers\STM32G0xx_HAL_Driver\Src\stm32g0xx_hal_uart_ex.c 0x00000000   Number         0  stm32g0xx_hal_uart_ex.o ABSOLUTE
    ..\\Core\\Src\\dl04d.c                   0x00000000   Number         0  dl04d.o ABSOLUTE
    ..\\Core\\Src\\encoder.c                 0x00000000   Number         0  encoder.o ABSOLUTE
    ..\\Core\\Src\\lcd12232.c                0x00000000   Number         0  lcd12232.o ABSOLUTE
    ..\\Core\\Src\\menu.c                    0x00000000   Number         0  menu.o ABSOLUTE
    cdrcmple.s                               0x00000000   Number         0  cdrcmple.o ABSOLUTE
    dc.s                                     0x00000000   Number         0  dc.o ABSOLUTE
    handlers.s                               0x00000000   Number         0  handlers.o ABSOLUTE
    init.s                                   0x00000000   Number         0  init.o ABSOLUTE
    startup_stm32g0b1xx.s                    0x00000000   Number         0  startup_stm32g0b1xx.o ABSOLUTE
    RESET                                    0x08000000   Section      188  startup_stm32g0b1xx.o(RESET)
    .ARM.Collect$$$$00000000                 0x080000bc   Section        0  entry.o(.ARM.Collect$$$$00000000)
    .ARM.Collect$$$$00000001                 0x080000bc   Section        4  entry2.o(.ARM.Collect$$$$00000001)
    .ARM.Collect$$$$00000004                 0x080000c0   Section        4  entry5.o(.ARM.Collect$$$$00000004)
    .ARM.Collect$$$$00000008                 0x080000c4   Section        0  entry7b.o(.ARM.Collect$$$$00000008)
    .ARM.Collect$$$$0000000A                 0x080000c4   Section        0  entry8b.o(.ARM.Collect$$$$0000000A)
    .ARM.Collect$$$$0000000B                 0x080000c4   Section        8  entry9a.o(.ARM.Collect$$$$0000000B)
    .ARM.Collect$$$$0000000D                 0x080000cc   Section        0  entry10a.o(.ARM.Collect$$$$0000000D)
    .ARM.Collect$$$$0000000F                 0x080000cc   Section        0  entry11a.o(.ARM.Collect$$$$0000000F)
    .ARM.Collect$$$$00002712                 0x080000cc   Section        4  entry2.o(.ARM.Collect$$$$00002712)
    __lit__00000000                          0x080000cc   Data           4  entry2.o(.ARM.Collect$$$$00002712)
    .text                                    0x080000d0   Section       28  startup_stm32g0b1xx.o(.text)
    .text                                    0x080000ec   Section        0  uidiv.o(.text)
    .text                                    0x08000118   Section        0  uldiv.o(.text)
    .text                                    0x08000178   Section        0  memseta.o(.text)
    .text                                    0x0800019c   Section        0  strstr.o(.text)
    .text                                    0x080001c4   Section        0  strncpy.o(.text)
    .text                                    0x080001de   Section        0  strchr.o(.text)
    .text                                    0x080001f2   Section        0  strlen.o(.text)
    .text                                    0x08000200   Section        0  strcmp.o(.text)
    .text                                    0x0800021c   Section        0  memchr.o(.text)
    .text                                    0x08000230   Section        0  llshl.o(.text)
    .text                                    0x08000250   Section        0  llushr.o(.text)
    .text                                    0x08000274   Section       36  init.o(.text)
    i.App_GoToMain1                          0x08000298   Section        0  encoder.o(i.App_GoToMain1)
    i.App_Init                               0x080002b0   Section        0  encoder.o(i.App_Init)
    i.App_ProcessClick                       0x080002d4   Section        0  encoder.o(i.App_ProcessClick)
    i.App_ProcessDoubleClick                 0x08000350   Section        0  encoder.o(i.App_ProcessDoubleClick)
    i.App_ProcessRotate                      0x08000374   Section        0  encoder.o(i.App_ProcessRotate)
    i.App_Update                             0x08000414   Section        0  encoder.o(i.App_Update)
    i.DL04D_DeletePreset                     0x08000444   Section        0  dl04d.o(i.DL04D_DeletePreset)
    i.DL04D_GetGain                          0x0800049c   Section        0  dl04d.o(i.DL04D_GetGain)
    i.DL04D_GetMute                          0x080004d4   Section        0  dl04d.o(i.DL04D_GetMute)
    i.DL04D_GetPresetCount                   0x080004fc   Section        0  dl04d.o(i.DL04D_GetPresetCount)
    i.DL04D_GetPresetList                    0x08000508   Section        0  dl04d.o(i.DL04D_GetPresetList)
    i.DL04D_GetPresetName                    0x0800069c   Section        0  dl04d.o(i.DL04D_GetPresetName)
    i.DL04D_LoadPreset                       0x080006bc   Section        0  dl04d.o(i.DL04D_LoadPreset)
    i.DL04D_SavePreset                       0x08000738   Section        0  dl04d.o(i.DL04D_SavePreset)
    i.DL04D_SetAllInputGain                  0x080007b0   Section        0  dl04d.o(i.DL04D_SetAllInputGain)
    i.DL04D_SetAllInputInverse               0x080007d8   Section        0  dl04d.o(i.DL04D_SetAllInputInverse)
    i.DL04D_SetAllInputMute                  0x08000814   Section        0  dl04d.o(i.DL04D_SetAllInputMute)
    i.DL04D_SetAllOutputGain                 0x08000844   Section        0  dl04d.o(i.DL04D_SetAllOutputGain)
    i.DL04D_SetAllOutputInverse              0x0800086c   Section        0  dl04d.o(i.DL04D_SetAllOutputInverse)
    i.DL04D_SetAllOutputMute                 0x080008a8   Section        0  dl04d.o(i.DL04D_SetAllOutputMute)
    i.DMA1_Channel1_IRQHandler               0x080008d8   Section        0  stm32g0xx_it.o(i.DMA1_Channel1_IRQHandler)
    i.DMA_CalcDMAMUXChannelBaseAndMask       0x080008e8   Section        0  stm32g0xx_hal_dma.o(i.DMA_CalcDMAMUXChannelBaseAndMask)
    DMA_CalcDMAMUXChannelBaseAndMask         0x080008e9   Thumb Code    64  stm32g0xx_hal_dma.o(i.DMA_CalcDMAMUXChannelBaseAndMask)
    i.DMA_CalcDMAMUXRequestGenBaseAndMask    0x08000930   Section        0  stm32g0xx_hal_dma.o(i.DMA_CalcDMAMUXRequestGenBaseAndMask)
    DMA_CalcDMAMUXRequestGenBaseAndMask      0x08000931   Thumb Code    34  stm32g0xx_hal_dma.o(i.DMA_CalcDMAMUXRequestGenBaseAndMask)
    i.DMA_SetConfig                          0x08000958   Section        0  stm32g0xx_hal_dma.o(i.DMA_SetConfig)
    DMA_SetConfig                            0x08000959   Thumb Code    62  stm32g0xx_hal_dma.o(i.DMA_SetConfig)
    i.EXTI2_3_IRQHandler                     0x08000998   Section        0  stm32g0xx_it.o(i.EXTI2_3_IRQHandler)
    i.EXTI4_15_IRQHandler                    0x080009bc   Section        0  stm32g0xx_it.o(i.EXTI4_15_IRQHandler)
    i.Encoder_Init                           0x080009e0   Section        0  encoder.o(i.Encoder_Init)
    i.Error_Handler                          0x080009f0   Section        0  main.o(i.Error_Handler)
    i.GetGainPtr                             0x080009f4   Section        0  encoder.o(i.GetGainPtr)
    GetGainPtr                               0x080009f5   Thumb Code    20  encoder.o(i.GetGainPtr)
    i.GetInversePtr                          0x08000a0c   Section        0  encoder.o(i.GetInversePtr)
    GetInversePtr                            0x08000a0d   Thumb Code    20  encoder.o(i.GetInversePtr)
    i.GetMutePtr                             0x08000a24   Section        0  encoder.o(i.GetMutePtr)
    GetMutePtr                               0x08000a25   Thumb Code    20  encoder.o(i.GetMutePtr)
    i.HAL_DMA_Abort                          0x08000a3c   Section        0  stm32g0xx_hal_dma.o(i.HAL_DMA_Abort)
    i.HAL_DMA_Abort_IT                       0x08000aa8   Section        0  stm32g0xx_hal_dma.o(i.HAL_DMA_Abort_IT)
    i.HAL_DMA_GetError                       0x08000b18   Section        0  stm32g0xx_hal_dma.o(i.HAL_DMA_GetError)
    i.HAL_DMA_IRQHandler                     0x08000b1c   Section        0  stm32g0xx_hal_dma.o(i.HAL_DMA_IRQHandler)
    i.HAL_DMA_Init                           0x08000be0   Section        0  stm32g0xx_hal_dma.o(i.HAL_DMA_Init)
    i.HAL_DMA_Start_IT                       0x08000cac   Section        0  stm32g0xx_hal_dma.o(i.HAL_DMA_Start_IT)
    i.HAL_Delay                              0x08000d38   Section        0  stm32g0xx_hal.o(i.HAL_Delay)
    i.HAL_GPIO_EXTI_Callback                 0x08000d5c   Section        0  encoder.o(i.HAL_GPIO_EXTI_Callback)
    i.HAL_GPIO_Init                          0x08000da8   Section        0  stm32g0xx_hal_gpio.o(i.HAL_GPIO_Init)
    i.HAL_GPIO_ReadPin                       0x08000f0c   Section        0  stm32g0xx_hal_gpio.o(i.HAL_GPIO_ReadPin)
    i.HAL_GPIO_WritePin                      0x08000f16   Section        0  stm32g0xx_hal_gpio.o(i.HAL_GPIO_WritePin)
    i.HAL_GetTick                            0x08000f24   Section        0  stm32g0xx_hal.o(i.HAL_GetTick)
    i.HAL_IncTick                            0x08000f30   Section        0  stm32g0xx_hal.o(i.HAL_IncTick)
    i.HAL_Init                               0x08000f40   Section        0  stm32g0xx_hal.o(i.HAL_Init)
    i.HAL_InitTick                           0x08000f68   Section        0  stm32g0xx_hal.o(i.HAL_InitTick)
    i.HAL_MspInit                            0x08000fb0   Section        0  stm32g0xx_hal_msp.o(i.HAL_MspInit)
    i.HAL_NVIC_EnableIRQ                     0x08000fe4   Section        0  stm32g0xx_hal_cortex.o(i.HAL_NVIC_EnableIRQ)
    i.HAL_NVIC_SetPriority                   0x08000ffc   Section        0  stm32g0xx_hal_cortex.o(i.HAL_NVIC_SetPriority)
    i.HAL_PWREx_ControlVoltageScaling        0x08001004   Section        0  stm32g0xx_hal_pwr_ex.o(i.HAL_PWREx_ControlVoltageScaling)
    i.HAL_RCCEx_PeriphCLKConfig              0x08001050   Section        0  stm32g0xx_hal_rcc_ex.o(i.HAL_RCCEx_PeriphCLKConfig)
    i.HAL_RCC_ClockConfig                    0x080012d0   Section        0  stm32g0xx_hal_rcc.o(i.HAL_RCC_ClockConfig)
    i.HAL_RCC_GetPCLK1Freq                   0x08001428   Section        0  stm32g0xx_hal_rcc.o(i.HAL_RCC_GetPCLK1Freq)
    i.HAL_RCC_GetSysClockFreq                0x08001450   Section        0  stm32g0xx_hal_rcc.o(i.HAL_RCC_GetSysClockFreq)
    i.HAL_RCC_OscConfig                      0x080014dc   Section        0  stm32g0xx_hal_rcc.o(i.HAL_RCC_OscConfig)
    i.HAL_SPI_Init                           0x08001912   Section        0  stm32g0xx_hal_spi.o(i.HAL_SPI_Init)
    i.HAL_SPI_MspInit                        0x08001a00   Section        0  spi.o(i.HAL_SPI_MspInit)
    i.HAL_SPI_Transmit                       0x08001a5c   Section        0  stm32g0xx_hal_spi.o(i.HAL_SPI_Transmit)
    i.HAL_SYSCFG_StrobeDBattpinsConfig       0x08001bbc   Section        0  stm32g0xx_hal.o(i.HAL_SYSCFG_StrobeDBattpinsConfig)
    i.HAL_SYSTICK_Config                     0x08001bd0   Section        0  stm32g0xx_hal_cortex.o(i.HAL_SYSTICK_Config)
    i.HAL_TIMEx_MasterConfigSynchronization  0x08001c00   Section        0  stm32g0xx_hal_tim_ex.o(i.HAL_TIMEx_MasterConfigSynchronization)
    i.HAL_TIM_MspPostInit                    0x08001c7c   Section        0  tim.o(i.HAL_TIM_MspPostInit)
    i.HAL_TIM_PWM_ConfigChannel              0x08001ccc   Section        0  stm32g0xx_hal_tim.o(i.HAL_TIM_PWM_ConfigChannel)
    i.HAL_TIM_PWM_Init                       0x08001df4   Section        0  stm32g0xx_hal_tim.o(i.HAL_TIM_PWM_Init)
    i.HAL_TIM_PWM_MspInit                    0x08001e40   Section        0  tim.o(i.HAL_TIM_PWM_MspInit)
    i.HAL_TIM_PWM_Start                      0x08001e64   Section        0  stm32g0xx_hal_tim.o(i.HAL_TIM_PWM_Start)
    i.HAL_UARTEx_DisableFifoMode             0x08001f44   Section        0  stm32g0xx_hal_uart_ex.o(i.HAL_UARTEx_DisableFifoMode)
    i.HAL_UARTEx_ReceiveToIdle_DMA           0x08001f80   Section        0  stm32g0xx_hal_uart_ex.o(i.HAL_UARTEx_ReceiveToIdle_DMA)
    i.HAL_UARTEx_RxEventCallback             0x08001fec   Section        0  main.o(i.HAL_UARTEx_RxEventCallback)
    i.HAL_UARTEx_RxFifoFullCallback          0x08002020   Section        0  stm32g0xx_hal_uart_ex.o(i.HAL_UARTEx_RxFifoFullCallback)
    i.HAL_UARTEx_SetRxFifoThreshold          0x08002022   Section        0  stm32g0xx_hal_uart_ex.o(i.HAL_UARTEx_SetRxFifoThreshold)
    i.HAL_UARTEx_SetTxFifoThreshold          0x0800206a   Section        0  stm32g0xx_hal_uart_ex.o(i.HAL_UARTEx_SetTxFifoThreshold)
    i.HAL_UARTEx_TxFifoEmptyCallback         0x080020b0   Section        0  stm32g0xx_hal_uart_ex.o(i.HAL_UARTEx_TxFifoEmptyCallback)
    i.HAL_UARTEx_WakeupCallback              0x080020b2   Section        0  stm32g0xx_hal_uart_ex.o(i.HAL_UARTEx_WakeupCallback)
    i.HAL_UART_AbortReceive                  0x080020b4   Section        0  stm32g0xx_hal_uart.o(i.HAL_UART_AbortReceive)
    i.HAL_UART_ErrorCallback                 0x08002170   Section        0  stm32g0xx_hal_uart.o(i.HAL_UART_ErrorCallback)
    i.HAL_UART_IRQHandler                    0x08002174   Section        0  stm32g0xx_hal_uart.o(i.HAL_UART_IRQHandler)
    i.HAL_UART_Init                          0x08002478   Section        0  stm32g0xx_hal_uart.o(i.HAL_UART_Init)
    i.HAL_UART_MspInit                       0x080024e4   Section        0  usart.o(i.HAL_UART_MspInit)
    i.HAL_UART_Receive                       0x080025a4   Section        0  stm32g0xx_hal_uart.o(i.HAL_UART_Receive)
    i.HAL_UART_RxCpltCallback                0x080026ac   Section        0  stm32g0xx_hal_uart.o(i.HAL_UART_RxCpltCallback)
    i.HAL_UART_RxHalfCpltCallback            0x080026ae   Section        0  stm32g0xx_hal_uart.o(i.HAL_UART_RxHalfCpltCallback)
    i.HAL_UART_Transmit                      0x080026b0   Section        0  stm32g0xx_hal_uart.o(i.HAL_UART_Transmit)
    i.HAL_UART_TxCpltCallback                0x08002786   Section        0  stm32g0xx_hal_uart.o(i.HAL_UART_TxCpltCallback)
    i.HardFault_Handler                      0x08002788   Section        0  stm32g0xx_it.o(i.HardFault_Handler)
    i.LCD12232_Clear                         0x0800278a   Section        0  lcd12232.o(i.LCD12232_Clear)
    i.LCD12232_DispPic_122x32                0x080027b0   Section        0  lcd12232.o(i.LCD12232_DispPic_122x32)
    i.LCD12232_FillRow                       0x080027e0   Section        0  lcd12232.o(i.LCD12232_FillRow)
    i.LCD12232_Init                          0x08002804   Section        0  lcd12232.o(i.LCD12232_Init)
    i.LCD12232_SetPos                        0x080028f0   Section        0  lcd12232.o(i.LCD12232_SetPos)
    i.LCD12232_ShowString8x8                 0x08002910   Section        0  lcd12232.o(i.LCD12232_ShowString8x8)
    i.LCD12232_ShowString8x8Inv              0x08002954   Section        0  lcd12232.o(i.LCD12232_ShowString8x8Inv)
    i.LCD12232_WriteCmd                      0x0800299c   Section        0  lcd12232.o(i.LCD12232_WriteCmd)
    i.LCD12232_WriteData                     0x080029dc   Section        0  lcd12232.o(i.LCD12232_WriteData)
    i.MX_DMA_Init                            0x08002a1c   Section        0  dma.o(i.MX_DMA_Init)
    i.MX_GPIO_Init                           0x08002a44   Section        0  gpio.o(i.MX_GPIO_Init)
    i.MX_SPI2_Init                           0x08002b24   Section        0  spi.o(i.MX_SPI2_Init)
    i.MX_TIM3_Init                           0x08002b70   Section        0  tim.o(i.MX_TIM3_Init)
    i.MX_USART1_UART_Init                    0x08002bec   Section        0  usart.o(i.MX_USART1_UART_Init)
    i.Menu_Enter                             0x08002c60   Section        0  menu.o(i.Menu_Enter)
    i.Menu_Exit                              0x08002c78   Section        0  menu.o(i.Menu_Exit)
    i.Menu_Init                              0x08002c8c   Section        0  menu.o(i.Menu_Init)
    i.Menu_IsActive                          0x08002c94   Section        0  menu.o(i.Menu_IsActive)
    i.Menu_ProcessClick                      0x08002ca0   Section        0  menu.o(i.Menu_ProcessClick)
    i.Menu_ProcessLongPress                  0x08002e28   Section        0  menu.o(i.Menu_ProcessLongPress)
    i.Menu_ProcessPending                    0x08002ee8   Section        0  menu.o(i.Menu_ProcessPending)
    i.Menu_ProcessRotate                     0x08002fe0   Section        0  menu.o(i.Menu_ProcessRotate)
    i.NMI_Handler                            0x08003248   Section        0  stm32g0xx_it.o(i.NMI_Handler)
    i.PendSV_Handler                         0x0800324a   Section        0  stm32g0xx_it.o(i.PendSV_Handler)
    i.SPI_EndRxTxTransaction                 0x0800324c   Section        0  stm32g0xx_hal_spi.o(i.SPI_EndRxTxTransaction)
    SPI_EndRxTxTransaction                   0x0800324d   Thumb Code    76  stm32g0xx_hal_spi.o(i.SPI_EndRxTxTransaction)
    i.SPI_WaitFifoStateUntilTimeout          0x08003298   Section        0  stm32g0xx_hal_spi.o(i.SPI_WaitFifoStateUntilTimeout)
    SPI_WaitFifoStateUntilTimeout            0x08003299   Thumb Code   212  stm32g0xx_hal_spi.o(i.SPI_WaitFifoStateUntilTimeout)
    i.SPI_WaitFlagStateUntilTimeout          0x08003370   Section        0  stm32g0xx_hal_spi.o(i.SPI_WaitFlagStateUntilTimeout)
    SPI_WaitFlagStateUntilTimeout            0x08003371   Thumb Code   180  stm32g0xx_hal_spi.o(i.SPI_WaitFlagStateUntilTimeout)
    i.SVC_Handler                            0x08003428   Section        0  stm32g0xx_it.o(i.SVC_Handler)
    i.SetBacklight                           0x0800342c   Section        0  menu.o(i.SetBacklight)
    SetBacklight                             0x0800342d   Thumb Code    28  menu.o(i.SetBacklight)
    i.ShowAudioMenu                          0x0800344c   Section        0  menu.o(i.ShowAudioMenu)
    ShowAudioMenu                            0x0800344d   Thumb Code   102  menu.o(i.ShowAudioMenu)
    i.ShowDefaultPage                        0x080034c4   Section        0  menu.o(i.ShowDefaultPage)
    ShowDefaultPage                          0x080034c5   Thumb Code   164  menu.o(i.ShowDefaultPage)
    i.ShowEq2Page                            0x08003588   Section        0  menu.o(i.ShowEq2Page)
    ShowEq2Page                              0x08003589   Thumb Code   150  menu.o(i.ShowEq2Page)
    i.ShowEqPage                             0x08003648   Section        0  menu.o(i.ShowEqPage)
    ShowEqPage                               0x08003649   Thumb Code   160  menu.o(i.ShowEqPage)
    i.ShowInfoPage                           0x08003714   Section        0  menu.o(i.ShowInfoPage)
    ShowInfoPage                             0x08003715   Thumb Code    28  menu.o(i.ShowInfoPage)
    i.ShowMainMenu                           0x0800374c   Section        0  menu.o(i.ShowMainMenu)
    ShowMainMenu                             0x0800374d   Thumb Code   102  menu.o(i.ShowMainMenu)
    i.ShowMainPage                           0x080037c4   Section        0  encoder.o(i.ShowMainPage)
    ShowMainPage                             0x080037c5   Thumb Code   316  encoder.o(i.ShowMainPage)
    i.ShowPresetListPage                     0x08003954   Section        0  menu.o(i.ShowPresetListPage)
    ShowPresetListPage                       0x08003955   Thumb Code   240  menu.o(i.ShowPresetListPage)
    i.ShowSettingsMenu                       0x08003a94   Section        0  menu.o(i.ShowSettingsMenu)
    ShowSettingsMenu                         0x08003a95   Thumb Code   154  menu.o(i.ShowSettingsMenu)
    i.ShowSysPage                            0x08003b5c   Section        0  menu.o(i.ShowSysPage)
    ShowSysPage                              0x08003b5d   Thumb Code   132  menu.o(i.ShowSysPage)
    i.SysTick_Handler                        0x08003bfc   Section        0  stm32g0xx_it.o(i.SysTick_Handler)
    i.SystemClock_Config                     0x08003c08   Section        0  main.o(i.SystemClock_Config)
    i.SystemInit                             0x08003c62   Section        0  system_stm32g0xx.o(i.SystemInit)
    i.TIM_Base_SetConfig                     0x08003c64   Section        0  stm32g0xx_hal_tim.o(i.TIM_Base_SetConfig)
    i.TIM_CCxChannelCmd                      0x08003d18   Section        0  stm32g0xx_hal_tim.o(i.TIM_CCxChannelCmd)
    i.TIM_OC1_SetConfig                      0x08003d34   Section        0  stm32g0xx_hal_tim.o(i.TIM_OC1_SetConfig)
    TIM_OC1_SetConfig                        0x08003d35   Thumb Code   124  stm32g0xx_hal_tim.o(i.TIM_OC1_SetConfig)
    i.TIM_OC2_SetConfig                      0x08003dc4   Section        0  stm32g0xx_hal_tim.o(i.TIM_OC2_SetConfig)
    i.TIM_OC3_SetConfig                      0x08003e4c   Section        0  stm32g0xx_hal_tim.o(i.TIM_OC3_SetConfig)
    TIM_OC3_SetConfig                        0x08003e4d   Thumb Code   116  stm32g0xx_hal_tim.o(i.TIM_OC3_SetConfig)
    i.TIM_OC4_SetConfig                      0x08003ed4   Section        0  stm32g0xx_hal_tim.o(i.TIM_OC4_SetConfig)
    TIM_OC4_SetConfig                        0x08003ed5   Thumb Code    94  stm32g0xx_hal_tim.o(i.TIM_OC4_SetConfig)
    i.TIM_OC5_SetConfig                      0x08003f48   Section        0  stm32g0xx_hal_tim.o(i.TIM_OC5_SetConfig)
    TIM_OC5_SetConfig                        0x08003f49   Thumb Code    82  stm32g0xx_hal_tim.o(i.TIM_OC5_SetConfig)
    i.TIM_OC6_SetConfig                      0x08003fb0   Section        0  stm32g0xx_hal_tim.o(i.TIM_OC6_SetConfig)
    TIM_OC6_SetConfig                        0x08003fb1   Thumb Code    88  stm32g0xx_hal_tim.o(i.TIM_OC6_SetConfig)
    i.UARTEx_SetNbDataToProcess              0x0800401c   Section        0  stm32g0xx_hal_uart_ex.o(i.UARTEx_SetNbDataToProcess)
    UARTEx_SetNbDataToProcess                0x0800401d   Thumb Code    62  stm32g0xx_hal_uart_ex.o(i.UARTEx_SetNbDataToProcess)
    i.UART_AdvFeatureConfig                  0x08004060   Section        0  stm32g0xx_hal_uart.o(i.UART_AdvFeatureConfig)
    i.UART_CheckIdleState                    0x0800412c   Section        0  stm32g0xx_hal_uart.o(i.UART_CheckIdleState)
    i.UART_DMAAbortOnError                   0x080041e4   Section        0  stm32g0xx_hal_uart.o(i.UART_DMAAbortOnError)
    UART_DMAAbortOnError                     0x080041e5   Thumb Code    10  stm32g0xx_hal_uart.o(i.UART_DMAAbortOnError)
    i.UART_DMAError                          0x080041ee   Section        0  stm32g0xx_hal_uart.o(i.UART_DMAError)
    UART_DMAError                            0x080041ef   Thumb Code    64  stm32g0xx_hal_uart.o(i.UART_DMAError)
    i.UART_DMAReceiveCplt                    0x0800422e   Section        0  stm32g0xx_hal_uart.o(i.UART_DMAReceiveCplt)
    UART_DMAReceiveCplt                      0x0800422f   Thumb Code   170  stm32g0xx_hal_uart.o(i.UART_DMAReceiveCplt)
    i.UART_DMARxHalfCplt                     0x080042d8   Section        0  stm32g0xx_hal_uart.o(i.UART_DMARxHalfCplt)
    UART_DMARxHalfCplt                       0x080042d9   Thumb Code    56  stm32g0xx_hal_uart.o(i.UART_DMARxHalfCplt)
    i.UART_EndRxTransfer                     0x08004310   Section        0  stm32g0xx_hal_uart.o(i.UART_EndRxTransfer)
    UART_EndRxTransfer                       0x08004311   Thumb Code    96  stm32g0xx_hal_uart.o(i.UART_EndRxTransfer)
    i.UART_EndTxTransfer                     0x08004374   Section        0  stm32g0xx_hal_uart.o(i.UART_EndTxTransfer)
    UART_EndTxTransfer                       0x08004375   Thumb Code    60  stm32g0xx_hal_uart.o(i.UART_EndTxTransfer)
    i.UART_SetConfig                         0x080043b0   Section        0  stm32g0xx_hal_uart.o(i.UART_SetConfig)
    i.UART_Start_Receive_DMA                 0x08004644   Section        0  stm32g0xx_hal_uart.o(i.UART_Start_Receive_DMA)
    i.UART_WaitOnFlagUntilTimeout            0x080046f0   Section        0  stm32g0xx_hal_uart.o(i.UART_WaitOnFlagUntilTimeout)
    i.USART1_IRQHandler                      0x08004780   Section        0  stm32g0xx_it.o(i.USART1_IRQHandler)
    i.UpdateBacklight                        0x08004790   Section        0  menu.o(i.UpdateBacklight)
    UpdateBacklight                          0x08004791   Thumb Code    28  menu.o(i.UpdateBacklight)
    i._PresetExists                          0x080047b4   Section        0  dl04d.o(i._PresetExists)
    _PresetExists                            0x080047b5   Thumb Code    44  dl04d.o(i._PresetExists)
    i.__0snprintf$6                          0x080047e8   Section        0  printf6.o(i.__0snprintf$6)
    i.__ARM_common_switch8                   0x08004814   Section        0  menu.o(i.__ARM_common_switch8)
    i.__NVIC_SetPriority                     0x08004830   Section        0  stm32g0xx_hal_cortex.o(i.__NVIC_SetPriority)
    __NVIC_SetPriority                       0x08004831   Thumb Code    60  stm32g0xx_hal_cortex.o(i.__NVIC_SetPriority)
    i.__scatterload_copy                     0x08004874   Section       14  handlers.o(i.__scatterload_copy)
    i.__scatterload_null                     0x08004882   Section        2  handlers.o(i.__scatterload_null)
    i.__scatterload_zeroinit                 0x08004884   Section       14  handlers.o(i.__scatterload_zeroinit)
    i._printf_core                           0x08004894   Section        0  printf6.o(i._printf_core)
    _printf_core                             0x08004895   Thumb Code   768  printf6.o(i._printf_core)
    i._printf_post_padding                   0x08004b98   Section        0  printf6.o(i._printf_post_padding)
    _printf_post_padding                     0x08004b99   Thumb Code    32  printf6.o(i._printf_post_padding)
    i._printf_pre_padding                    0x08004bb8   Section        0  printf6.o(i._printf_pre_padding)
    _printf_pre_padding                      0x08004bb9   Thumb Code    44  printf6.o(i._printf_pre_padding)
    i._recv_response                         0x08004be4   Section        0  dl04d.o(i._recv_response)
    _recv_response                           0x08004be5   Thumb Code   132  dl04d.o(i._recv_response)
    i._send_to_dsp                           0x08004c90   Section        0  dl04d.o(i._send_to_dsp)
    _send_to_dsp                             0x08004c91   Thumb Code    38  dl04d.o(i._send_to_dsp)
    i._send_udp                              0x08004cc4   Section        0  dl04d.o(i._send_udp)
    _send_udp                                0x08004cc5   Thumb Code   134  dl04d.o(i._send_udp)
    i._snputc                                0x08004d54   Section        0  printf6.o(i._snputc)
    _snputc                                  0x08004d55   Thumb Code    22  printf6.o(i._snputc)
    i.button_attach                          0x08004d6a   Section        0  multi_button.o(i.button_attach)
    i.button_handler                         0x08004d74   Section        0  multi_button.o(i.button_handler)
    button_handler                           0x08004d75   Thumb Code   456  multi_button.o(i.button_handler)
    i.button_init                            0x08004f40   Section        0  multi_button.o(i.button_init)
    i.button_start                           0x08004f7c   Section        0  multi_button.o(i.button_start)
    i.button_ticks                           0x08004fa0   Section        0  multi_button.o(i.button_ticks)
    i.main                                   0x08004fbc   Section        0  main.o(i.main)
    i.on_double_click                        0x080050a0   Section        0  main.o(i.on_double_click)
    on_double_click                          0x080050a1   Thumb Code    16  main.o(i.on_double_click)
    i.on_long_press_start                    0x080050b0   Section        0  main.o(i.on_long_press_start)
    on_long_press_start                      0x080050b1   Thumb Code    22  main.o(i.on_long_press_start)
    i.on_single_click                        0x080050c6   Section        0  main.o(i.on_single_click)
    on_single_click                          0x080050c7   Thumb Code    22  main.o(i.on_single_click)
    i.read_enc_key                           0x080050dc   Section        0  main.o(i.read_enc_key)
    read_enc_key                             0x080050dd   Thumb Code    12  main.o(i.read_enc_key)
    .constdata                               0x080050ec   Section     2504  lcd12232.o(.constdata)
    .constdata                               0x08005ab4   Section      488  lcd12232.o(.constdata)
    .constdata                               0x08005c9c   Section       48  menu.o(.constdata)
    .constdata                               0x08005ccc   Section        8  dl04d.o(.constdata)
    FRAME_HEADER                             0x08005ccc   Data           4  dl04d.o(.constdata)
    LOCAL_IP                                 0x08005cd0   Data           4  dl04d.o(.constdata)
    .constdata                               0x08005cd4   Section       24  stm32g0xx_hal_uart.o(.constdata)
    .constdata                               0x08005cec   Section       16  stm32g0xx_hal_uart_ex.o(.constdata)
    numerator                                0x08005cec   Data           8  stm32g0xx_hal_uart_ex.o(.constdata)
    denominator                              0x08005cf4   Data           8  stm32g0xx_hal_uart_ex.o(.constdata)
    .constdata                               0x08005cfc   Section       64  system_stm32g0xx.o(.constdata)
    .constdata                               0x08005d3c   Section       32  system_stm32g0xx.o(.constdata)
    .conststring                             0x08005d5c   Section      113  menu.o(.conststring)
    .conststring                             0x08005dd0   Section      911  dl04d.o(.conststring)
    .data                                    0x20000000   Section        1  lcd12232.o(.data)
    s_contrast                               0x20000000   Data           1  lcd12232.o(.data)
    .data                                    0x20000004   Section       20  encoder.o(.data)
    s_volume                                 0x20000004   Data           1  encoder.o(.data)
    s_needRefresh                            0x20000005   Data           1  encoder.o(.data)
    g_appState                               0x20000006   Data           1  encoder.o(.data)
    g_inputGain                              0x20000007   Data           1  encoder.o(.data)
    g_inputMute                              0x20000008   Data           1  encoder.o(.data)
    g_inputInverse                           0x20000009   Data           1  encoder.o(.data)
    g_outputGain                             0x2000000a   Data           1  encoder.o(.data)
    g_outputMute                             0x2000000b   Data           1  encoder.o(.data)
    g_outputInverse                          0x2000000c   Data           1  encoder.o(.data)
    g_cursorLine                             0x2000000d   Data           1  encoder.o(.data)
    g_editing                                0x2000000e   Data           1  encoder.o(.data)
    g_editBlink                              0x2000000f   Data           1  encoder.o(.data)
    s_encTickStamp                           0x20000010   Data           4  encoder.o(.data)
    g_editTick                               0x20000014   Data           4  encoder.o(.data)
    .data                                    0x20000018   Section       64  menu.o(.data)
    menuState                                0x20000018   Data           1  menu.o(.data)
    menuActive                               0x20000019   Data           1  menu.o(.data)
    mainIndex                                0x2000001a   Data           1  menu.o(.data)
    audioIndex                               0x2000001b   Data           1  menu.o(.data)
    s_pendingEnter                           0x2000001c   Data           1  menu.o(.data)
    s_pendingExec                            0x2000001d   Data           1  menu.o(.data)
    presetCursor                             0x2000001e   Data           1  menu.o(.data)
    presetPageStart                          0x2000001f   Data           1  menu.o(.data)
    presetEditing                            0x20000020   Data           1  menu.o(.data)
    presetEditAction                         0x20000021   Data           1  menu.o(.data)
    presetIsSave                             0x20000022   Data           1  menu.o(.data)
    presetCount                              0x20000023   Data           1  menu.o(.data)
    settingsIndex                            0x20000024   Data           1  menu.o(.data)
    editingBright                            0x20000025   Data           1  menu.o(.data)
    sysIndex                                 0x20000026   Data           1  menu.o(.data)
    editingContrast                          0x20000027   Data           1  menu.o(.data)
    g_contrast                               0x20000028   Data           1  menu.o(.data)
    defaultPhase                             0x20000029   Data           1  menu.o(.data)
    defaultSel                               0x2000002a   Data           1  menu.o(.data)
    eqIndex                                  0x2000002b   Data           1  menu.o(.data)
    editingEq                                0x2000002c   Data           1  menu.o(.data)
    g_hiEq                                   0x2000002d   Data           1  menu.o(.data)
    g_midEq                                  0x2000002e   Data           1  menu.o(.data)
    g_lowEq                                  0x2000002f   Data           1  menu.o(.data)
    eq2Index                                 0x20000030   Data           1  menu.o(.data)
    editingEq2                               0x20000031   Data           1  menu.o(.data)
    g_lowCut                                 0x20000032   Data           1  menu.o(.data)
    g_bluetooth                              0x20000033   Data           1  menu.o(.data)
    g_lcdDim                                 0x20000034   Data           1  menu.o(.data)
    g_brightness                             0x20000035   Data           1  menu.o(.data)
    lowCutOptions                            0x20000038   Data          20  menu.o(.data)
    btOptions                                0x2000004c   Data          12  menu.o(.data)
    .data                                    0x20000058   Section        4  multi_button.o(.data)
    head_handle                              0x20000058   Data           4  multi_button.o(.data)
    .data                                    0x2000005c   Section        2  dl04d.o(.data)
    _last_ok                                 0x2000005c   Data           1  dl04d.o(.data)
    s_preset_count                           0x2000005d   Data           1  dl04d.o(.data)
    .data                                    0x20000060   Section       12  stm32g0xx_hal.o(.data)
    .data                                    0x2000006c   Section        4  system_stm32g0xx.o(.data)
    .bss                                     0x20000070   Section       64  menu.o(.bss)
    s_pendingName                            0x20000070   Data          32  menu.o(.bss)
    s_lastSaveName                           0x20000090   Data          32  menu.o(.bss)
    .bss                                     0x200000b0   Section      300  main.o(.bss)
    enc_btn                                  0x200000b0   Data          44  main.o(.bss)
    .bss                                     0x200001dc   Section      100  spi.o(.bss)
    .bss                                     0x20000240   Section       76  tim.o(.bss)
    .bss                                     0x2000028c   Section      244  usart.o(.bss)
    .bss                                     0x20000380   Section     1152  dl04d.o(.bss)
    _rx_buf                                  0x20000380   Data         512  dl04d.o(.bss)
    s_preset_list                            0x20000580   Data         640  dl04d.o(.bss)
    STACK                                    0x20000800   Section     1024  startup_stm32g0b1xx.o(STACK)

    Global Symbols

    Symbol Name                              Value     Ov Type        Size  Object(Section)

    BuildAttributes$$THM_ISAv3M$S$PE$A:L22$X:L11$S22$IEEE1$IW$USESV6$~STKCKD$USESV7$~SHL$OSPACE$ROPI$EBA8$MICROLIB$REQ8$PRES8$EABIv2 0x00000000   Number         0  anon$$obj.o ABSOLUTE
    __ARM_use_no_argv                        0x00000000   Number         0  main.o ABSOLUTE
    _printf_a                                0x00000000   Number         0  stubs.o ABSOLUTE
    _printf_c                                0x00000000   Number         0  stubs.o ABSOLUTE
    _printf_charcount                        0x00000000   Number         0  stubs.o ABSOLUTE
    _printf_d                                0x00000000   Number         0  stubs.o ABSOLUTE
    _printf_e                                0x00000000   Number         0  stubs.o ABSOLUTE
    _printf_f                                0x00000000   Number         0  stubs.o ABSOLUTE
    _printf_flags                            0x00000000   Number         0  stubs.o ABSOLUTE
    _printf_fp_dec                           0x00000000   Number         0  stubs.o ABSOLUTE
    _printf_fp_hex                           0x00000000   Number         0  stubs.o ABSOLUTE
    _printf_g                                0x00000000   Number         0  stubs.o ABSOLUTE
    _printf_i                                0x00000000   Number         0  stubs.o ABSOLUTE
    _printf_int_dec                          0x00000000   Number         0  stubs.o ABSOLUTE
    _printf_l                                0x00000000   Number         0  stubs.o ABSOLUTE
    _printf_lc                               0x00000000   Number         0  stubs.o ABSOLUTE
    _printf_ll                               0x00000000   Number         0  stubs.o ABSOLUTE
    _printf_lld                              0x00000000   Number         0  stubs.o ABSOLUTE
    _printf_lli                              0x00000000   Number         0  stubs.o ABSOLUTE
    _printf_llo                              0x00000000   Number         0  stubs.o ABSOLUTE
    _printf_llu                              0x00000000   Number         0  stubs.o ABSOLUTE
    _printf_llx                              0x00000000   Number         0  stubs.o ABSOLUTE
    _printf_longlong_dec                     0x00000000   Number         0  stubs.o ABSOLUTE
    _printf_longlong_hex                     0x00000000   Number         0  stubs.o ABSOLUTE
    _printf_longlong_oct                     0x00000000   Number         0  stubs.o ABSOLUTE
    _printf_ls                               0x00000000   Number         0  stubs.o ABSOLUTE
    _printf_mbtowc                           0x00000000   Number         0  stubs.o ABSOLUTE
    _printf_n                                0x00000000   Number         0  stubs.o ABSOLUTE
    _printf_o                                0x00000000   Number         0  stubs.o ABSOLUTE
    _printf_p                                0x00000000   Number         0  stubs.o ABSOLUTE
    _printf_percent                          0x00000000   Number         0  stubs.o ABSOLUTE
    _printf_pre_padding                      0x00000000   Number         0  stubs.o ABSOLUTE
    _printf_return_value                     0x00000000   Number         0  stubs.o ABSOLUTE
    _printf_s                                0x00000000   Number         0  stubs.o ABSOLUTE
    _printf_sizespec                         0x00000000   Number         0  stubs.o ABSOLUTE
    _printf_str                              0x00000000   Number         0  stubs.o ABSOLUTE
    _printf_truncate_signed                  0x00000000   Number         0  stubs.o ABSOLUTE
    _printf_truncate_unsigned                0x00000000   Number         0  stubs.o ABSOLUTE
    _printf_u                                0x00000000   Number         0  stubs.o ABSOLUTE
    _printf_wc                               0x00000000   Number         0  stubs.o ABSOLUTE
    _printf_wctomb                           0x00000000   Number         0  stubs.o ABSOLUTE
    _printf_widthprec                        0x00000000   Number         0  stubs.o ABSOLUTE
    _printf_x                                0x00000000   Number         0  stubs.o ABSOLUTE
    __cpp_initialize__aeabi_                  - Undefined Weak Reference
    __cxa_finalize                            - Undefined Weak Reference
    __decompress                              - Undefined Weak Reference
    _clock_init                               - Undefined Weak Reference
    _microlib_exit                            - Undefined Weak Reference
    __Vectors_Size                           0x000000bc   Number         0  startup_stm32g0b1xx.o ABSOLUTE
    __Vectors                                0x08000000   Data           4  startup_stm32g0b1xx.o(RESET)
    __Vectors_End                            0x080000bc   Data           0  startup_stm32g0b1xx.o(RESET)
    __main                                   0x080000bd   Thumb Code     0  entry.o(.ARM.Collect$$$$00000000)
    _main_stk                                0x080000bd   Thumb Code     0  entry2.o(.ARM.Collect$$$$00000001)
    _main_scatterload                        0x080000c1   Thumb Code     0  entry5.o(.ARM.Collect$$$$00000004)
    __main_after_scatterload                 0x080000c5   Thumb Code     0  entry5.o(.ARM.Collect$$$$00000004)
    _main_clock                              0x080000c5   Thumb Code     0  entry7b.o(.ARM.Collect$$$$00000008)
    _main_cpp_init                           0x080000c5   Thumb Code     0  entry8b.o(.ARM.Collect$$$$0000000A)
    _main_init                               0x080000c5   Thumb Code     0  entry9a.o(.ARM.Collect$$$$0000000B)
    __rt_final_cpp                           0x080000cd   Thumb Code     0  entry10a.o(.ARM.Collect$$$$0000000D)
    __rt_final_exit                          0x080000cd   Thumb Code     0  entry11a.o(.ARM.Collect$$$$0000000F)
    Reset_Handler                            0x080000d1   Thumb Code     8  startup_stm32g0b1xx.o(.text)
    ADC1_COMP_IRQHandler                     0x080000e3   Thumb Code     0  startup_stm32g0b1xx.o(.text)
    CEC_IRQHandler                           0x080000e3   Thumb Code     0  startup_stm32g0b1xx.o(.text)
    DMA1_Ch4_7_DMA2_Ch1_5_DMAMUX1_OVR_IRQHandler 0x080000e3   Thumb Code     0  startup_stm32g0b1xx.o(.text)
    DMA1_Channel2_3_IRQHandler               0x080000e3   Thumb Code     0  startup_stm32g0b1xx.o(.text)
    EXTI0_1_IRQHandler                       0x080000e3   Thumb Code     0  startup_stm32g0b1xx.o(.text)
    FLASH_IRQHandler                         0x080000e3   Thumb Code     0  startup_stm32g0b1xx.o(.text)
    I2C1_IRQHandler                          0x080000e3   Thumb Code     0  startup_stm32g0b1xx.o(.text)
    I2C2_3_IRQHandler                        0x080000e3   Thumb Code     0  startup_stm32g0b1xx.o(.text)
    PVD_VDDIO2_IRQHandler                    0x080000e3   Thumb Code     0  startup_stm32g0b1xx.o(.text)
    RCC_CRS_IRQHandler                       0x080000e3   Thumb Code     0  startup_stm32g0b1xx.o(.text)
    RTC_TAMP_IRQHandler                      0x080000e3   Thumb Code     0  startup_stm32g0b1xx.o(.text)
    SPI1_IRQHandler                          0x080000e3   Thumb Code     0  startup_stm32g0b1xx.o(.text)
    SPI2_3_IRQHandler                        0x080000e3   Thumb Code     0  startup_stm32g0b1xx.o(.text)
    TIM14_IRQHandler                         0x080000e3   Thumb Code     0  startup_stm32g0b1xx.o(.text)
    TIM15_IRQHandler                         0x080000e3   Thumb Code     0  startup_stm32g0b1xx.o(.text)
    TIM16_FDCAN_IT0_IRQHandler               0x080000e3   Thumb Code     0  startup_stm32g0b1xx.o(.text)
    TIM17_FDCAN_IT1_IRQHandler               0x080000e3   Thumb Code     0  startup_stm32g0b1xx.o(.text)
    TIM1_BRK_UP_TRG_COM_IRQHandler           0x080000e3   Thumb Code     0  startup_stm32g0b1xx.o(.text)
    TIM1_CC_IRQHandler                       0x080000e3   Thumb Code     0  startup_stm32g0b1xx.o(.text)
    TIM2_IRQHandler                          0x080000e3   Thumb Code     0  startup_stm32g0b1xx.o(.text)
    TIM3_TIM4_IRQHandler                     0x080000e3   Thumb Code     0  startup_stm32g0b1xx.o(.text)
    TIM6_DAC_LPTIM1_IRQHandler               0x080000e3   Thumb Code     0  startup_stm32g0b1xx.o(.text)
    TIM7_LPTIM2_IRQHandler                   0x080000e3   Thumb Code     0  startup_stm32g0b1xx.o(.text)
    USART2_LPUART2_IRQHandler                0x080000e3   Thumb Code     0  startup_stm32g0b1xx.o(.text)
    USART3_4_5_6_LPUART1_IRQHandler          0x080000e3   Thumb Code     0  startup_stm32g0b1xx.o(.text)
    USB_UCPD1_2_IRQHandler                   0x080000e3   Thumb Code     0  startup_stm32g0b1xx.o(.text)
    WWDG_IRQHandler                          0x080000e3   Thumb Code     0  startup_stm32g0b1xx.o(.text)
    __aeabi_uidiv                            0x080000ed   Thumb Code     0  uidiv.o(.text)
    __aeabi_uidivmod                         0x080000ed   Thumb Code    44  uidiv.o(.text)
    __aeabi_uldivmod                         0x08000119   Thumb Code    96  uldiv.o(.text)
    __aeabi_memset                           0x08000179   Thumb Code    14  memseta.o(.text)
    __aeabi_memset4                          0x08000179   Thumb Code     0  memseta.o(.text)
    __aeabi_memset8                          0x08000179   Thumb Code     0  memseta.o(.text)
    __aeabi_memclr                           0x08000187   Thumb Code     4  memseta.o(.text)
    __aeabi_memclr4                          0x08000187   Thumb Code     0  memseta.o(.text)
    __aeabi_memclr8                          0x08000187   Thumb Code     0  memseta.o(.text)
    _memset$wrapper                          0x0800018b   Thumb Code    18  memseta.o(.text)
    strstr                                   0x0800019d   Thumb Code    40  strstr.o(.text)
    strncpy                                  0x080001c5   Thumb Code    26  strncpy.o(.text)
    strchr                                   0x080001df   Thumb Code    20  strchr.o(.text)
    strlen                                   0x080001f3   Thumb Code    14  strlen.o(.text)
    strcmp                                   0x08000201   Thumb Code    28  strcmp.o(.text)
    memchr                                   0x0800021d   Thumb Code    20  memchr.o(.text)
    __aeabi_llsl                             0x08000231   Thumb Code    32  llshl.o(.text)
    _ll_shift_l                              0x08000231   Thumb Code     0  llshl.o(.text)
    __aeabi_llsr                             0x08000251   Thumb Code    34  llushr.o(.text)
    _ll_ushift_r                             0x08000251   Thumb Code     0  llushr.o(.text)
    __scatterload                            0x08000275   Thumb Code    28  init.o(.text)
    __scatterload_rt2                        0x08000275   Thumb Code     0  init.o(.text)
    App_GoToMain1                            0x08000299   Thumb Code    18  encoder.o(i.App_GoToMain1)
    App_Init                                 0x080002b1   Thumb Code    30  encoder.o(i.App_Init)
    App_ProcessClick                         0x080002d5   Thumb Code   118  encoder.o(i.App_ProcessClick)
    App_ProcessDoubleClick                   0x08000351   Thumb Code    30  encoder.o(i.App_ProcessDoubleClick)
    App_ProcessRotate                        0x08000375   Thumb Code   154  encoder.o(i.App_ProcessRotate)
    App_Update                               0x08000415   Thumb Code    42  encoder.o(i.App_Update)
    DL04D_DeletePreset                       0x08000445   Thumb Code    34  dl04d.o(i.DL04D_DeletePreset)
    DL04D_GetGain                            0x0800049d   Thumb Code    18  dl04d.o(i.DL04D_GetGain)
    DL04D_GetMute                            0x080004d5   Thumb Code    18  dl04d.o(i.DL04D_GetMute)
    DL04D_GetPresetCount                     0x080004fd   Thumb Code     6  dl04d.o(i.DL04D_GetPresetCount)
    DL04D_GetPresetList                      0x08000509   Thumb Code   306  dl04d.o(i.DL04D_GetPresetList)
    DL04D_GetPresetName                      0x0800069d   Thumb Code    20  dl04d.o(i.DL04D_GetPresetName)
    DL04D_LoadPreset                         0x080006bd   Thumb Code    70  dl04d.o(i.DL04D_LoadPreset)
    DL04D_SavePreset                         0x08000739   Thumb Code    66  dl04d.o(i.DL04D_SavePreset)
    DL04D_SetAllInputGain                    0x080007b1   Thumb Code    34  dl04d.o(i.DL04D_SetAllInputGain)
    DL04D_SetAllInputInverse                 0x080007d9   Thumb Code    48  dl04d.o(i.DL04D_SetAllInputInverse)
    DL04D_SetAllInputMute                    0x08000815   Thumb Code    42  dl04d.o(i.DL04D_SetAllInputMute)
    DL04D_SetAllOutputGain                   0x08000845   Thumb Code    34  dl04d.o(i.DL04D_SetAllOutputGain)
    DL04D_SetAllOutputInverse                0x0800086d   Thumb Code    48  dl04d.o(i.DL04D_SetAllOutputInverse)
    DL04D_SetAllOutputMute                   0x080008a9   Thumb Code    42  dl04d.o(i.DL04D_SetAllOutputMute)
    DMA1_Channel1_IRQHandler                 0x080008d9   Thumb Code    10  stm32g0xx_it.o(i.DMA1_Channel1_IRQHandler)
    EXTI2_3_IRQHandler                       0x08000999   Thumb Code    30  stm32g0xx_it.o(i.EXTI2_3_IRQHandler)
    EXTI4_15_IRQHandler                      0x080009bd   Thumb Code    30  stm32g0xx_it.o(i.EXTI4_15_IRQHandler)
    Encoder_Init                             0x080009e1   Thumb Code    12  encoder.o(i.Encoder_Init)
    Error_Handler                            0x080009f1   Thumb Code     4  main.o(i.Error_Handler)
    HAL_DMA_Abort                            0x08000a3d   Thumb Code   108  stm32g0xx_hal_dma.o(i.HAL_DMA_Abort)
    HAL_DMA_Abort_IT                         0x08000aa9   Thumb Code   112  stm32g0xx_hal_dma.o(i.HAL_DMA_Abort_IT)
    HAL_DMA_GetError                         0x08000b19   Thumb Code     4  stm32g0xx_hal_dma.o(i.HAL_DMA_GetError)
    HAL_DMA_IRQHandler                       0x08000b1d   Thumb Code   188  stm32g0xx_hal_dma.o(i.HAL_DMA_IRQHandler)
    HAL_DMA_Init                             0x08000be1   Thumb Code   188  stm32g0xx_hal_dma.o(i.HAL_DMA_Init)
    HAL_DMA_Start_IT                         0x08000cad   Thumb Code   136  stm32g0xx_hal_dma.o(i.HAL_DMA_Start_IT)
    HAL_Delay                                0x08000d39   Thumb Code    32  stm32g0xx_hal.o(i.HAL_Delay)
    HAL_GPIO_EXTI_Callback                   0x08000d5d   Thumb Code    66  encoder.o(i.HAL_GPIO_EXTI_Callback)
    HAL_GPIO_Init                            0x08000da9   Thumb Code   336  stm32g0xx_hal_gpio.o(i.HAL_GPIO_Init)
    HAL_GPIO_ReadPin                         0x08000f0d   Thumb Code    10  stm32g0xx_hal_gpio.o(i.HAL_GPIO_ReadPin)
    HAL_GPIO_WritePin                        0x08000f17   Thumb Code    12  stm32g0xx_hal_gpio.o(i.HAL_GPIO_WritePin)
    HAL_GetTick                              0x08000f25   Thumb Code     6  stm32g0xx_hal.o(i.HAL_GetTick)
    HAL_IncTick                              0x08000f31   Thumb Code    12  stm32g0xx_hal.o(i.HAL_IncTick)
    HAL_Init                                 0x08000f41   Thumb Code    36  stm32g0xx_hal.o(i.HAL_Init)
    HAL_InitTick                             0x08000f69   Thumb Code    64  stm32g0xx_hal.o(i.HAL_InitTick)
    HAL_MspInit                              0x08000fb1   Thumb Code    46  stm32g0xx_hal_msp.o(i.HAL_MspInit)
    HAL_NVIC_EnableIRQ                       0x08000fe5   Thumb Code    18  stm32g0xx_hal_cortex.o(i.HAL_NVIC_EnableIRQ)
    HAL_NVIC_SetPriority                     0x08000ffd   Thumb Code     8  stm32g0xx_hal_cortex.o(i.HAL_NVIC_SetPriority)
    HAL_PWREx_ControlVoltageScaling          0x08001005   Thumb Code    62  stm32g0xx_hal_pwr_ex.o(i.HAL_PWREx_ControlVoltageScaling)
    HAL_RCCEx_PeriphCLKConfig                0x08001051   Thumb Code   618  stm32g0xx_hal_rcc_ex.o(i.HAL_RCCEx_PeriphCLKConfig)
    HAL_RCC_ClockConfig                      0x080012d1   Thumb Code   318  stm32g0xx_hal_rcc.o(i.HAL_RCC_ClockConfig)
    HAL_RCC_GetPCLK1Freq                     0x08001429   Thumb Code    26  stm32g0xx_hal_rcc.o(i.HAL_RCC_GetPCLK1Freq)
    HAL_RCC_GetSysClockFreq                  0x08001451   Thumb Code   130  stm32g0xx_hal_rcc.o(i.HAL_RCC_GetSysClockFreq)
    HAL_RCC_OscConfig                        0x080014dd   Thumb Code  1078  stm32g0xx_hal_rcc.o(i.HAL_RCC_OscConfig)
    HAL_SPI_Init                             0x08001913   Thumb Code   238  stm32g0xx_hal_spi.o(i.HAL_SPI_Init)
    HAL_SPI_MspInit                          0x08001a01   Thumb Code    80  spi.o(i.HAL_SPI_MspInit)
    HAL_SPI_Transmit                         0x08001a5d   Thumb Code   350  stm32g0xx_hal_spi.o(i.HAL_SPI_Transmit)
    HAL_SYSCFG_StrobeDBattpinsConfig         0x08001bbd   Thumb Code    16  stm32g0xx_hal.o(i.HAL_SYSCFG_StrobeDBattpinsConfig)
    HAL_SYSTICK_Config                       0x08001bd1   Thumb Code    38  stm32g0xx_hal_cortex.o(i.HAL_SYSTICK_Config)
    HAL_TIMEx_MasterConfigSynchronization    0x08001c01   Thumb Code   108  stm32g0xx_hal_tim_ex.o(i.HAL_TIMEx_MasterConfigSynchronization)
    HAL_TIM_MspPostInit                      0x08001c7d   Thumb Code    68  tim.o(i.HAL_TIM_MspPostInit)
    HAL_TIM_PWM_ConfigChannel                0x08001ccd   Thumb Code   296  stm32g0xx_hal_tim.o(i.HAL_TIM_PWM_ConfigChannel)
    HAL_TIM_PWM_Init                         0x08001df5   Thumb Code    76  stm32g0xx_hal_tim.o(i.HAL_TIM_PWM_Init)
    HAL_TIM_PWM_MspInit                      0x08001e41   Thumb Code    28  tim.o(i.HAL_TIM_PWM_MspInit)
    HAL_TIM_PWM_Start                        0x08001e65   Thumb Code   194  stm32g0xx_hal_tim.o(i.HAL_TIM_PWM_Start)
    HAL_UARTEx_DisableFifoMode               0x08001f45   Thumb Code    60  stm32g0xx_hal_uart_ex.o(i.HAL_UARTEx_DisableFifoMode)
    HAL_UARTEx_ReceiveToIdle_DMA             0x08001f81   Thumb Code   108  stm32g0xx_hal_uart_ex.o(i.HAL_UARTEx_ReceiveToIdle_DMA)
    HAL_UARTEx_RxEventCallback               0x08001fed   Thumb Code    40  main.o(i.HAL_UARTEx_RxEventCallback)
    HAL_UARTEx_RxFifoFullCallback            0x08002021   Thumb Code     2  stm32g0xx_hal_uart_ex.o(i.HAL_UARTEx_RxFifoFullCallback)
    HAL_UARTEx_SetRxFifoThreshold            0x08002023   Thumb Code    72  stm32g0xx_hal_uart_ex.o(i.HAL_UARTEx_SetRxFifoThreshold)
    HAL_UARTEx_SetTxFifoThreshold            0x0800206b   Thumb Code    70  stm32g0xx_hal_uart_ex.o(i.HAL_UARTEx_SetTxFifoThreshold)
    HAL_UARTEx_TxFifoEmptyCallback           0x080020b1   Thumb Code     2  stm32g0xx_hal_uart_ex.o(i.HAL_UARTEx_TxFifoEmptyCallback)
    HAL_UARTEx_WakeupCallback                0x080020b3   Thumb Code     2  stm32g0xx_hal_uart_ex.o(i.HAL_UARTEx_WakeupCallback)
    HAL_UART_AbortReceive                    0x080020b5   Thumb Code   182  stm32g0xx_hal_uart.o(i.HAL_UART_AbortReceive)
    HAL_UART_ErrorCallback                   0x08002171   Thumb Code     2  stm32g0xx_hal_uart.o(i.HAL_UART_ErrorCallback)
    HAL_UART_IRQHandler                      0x08002175   Thumb Code   754  stm32g0xx_hal_uart.o(i.HAL_UART_IRQHandler)
    HAL_UART_Init                            0x08002479   Thumb Code   108  stm32g0xx_hal_uart.o(i.HAL_UART_Init)
    HAL_UART_MspInit                         0x080024e5   Thumb Code   172  usart.o(i.HAL_UART_MspInit)
    HAL_UART_Receive                         0x080025a5   Thumb Code   260  stm32g0xx_hal_uart.o(i.HAL_UART_Receive)
    HAL_UART_RxCpltCallback                  0x080026ad   Thumb Code     2  stm32g0xx_hal_uart.o(i.HAL_UART_RxCpltCallback)
    HAL_UART_RxHalfCpltCallback              0x080026af   Thumb Code     2  stm32g0xx_hal_uart.o(i.HAL_UART_RxHalfCpltCallback)
    HAL_UART_Transmit                        0x080026b1   Thumb Code   214  stm32g0xx_hal_uart.o(i.HAL_UART_Transmit)
    HAL_UART_TxCpltCallback                  0x08002787   Thumb Code     2  stm32g0xx_hal_uart.o(i.HAL_UART_TxCpltCallback)
    HardFault_Handler                        0x08002789   Thumb Code     2  stm32g0xx_it.o(i.HardFault_Handler)
    LCD12232_Clear                           0x0800278b   Thumb Code    38  lcd12232.o(i.LCD12232_Clear)
    LCD12232_DispPic_122x32                  0x080027b1   Thumb Code    48  lcd12232.o(i.LCD12232_DispPic_122x32)
    LCD12232_FillRow                         0x080027e1   Thumb Code    34  lcd12232.o(i.LCD12232_FillRow)
    LCD12232_Init                            0x08002805   Thumb Code   232  lcd12232.o(i.LCD12232_Init)
    LCD12232_SetPos                          0x080028f1   Thumb Code    32  lcd12232.o(i.LCD12232_SetPos)
    LCD12232_ShowString8x8                   0x08002911   Thumb Code    64  lcd12232.o(i.LCD12232_ShowString8x8)
    LCD12232_ShowString8x8Inv                0x08002955   Thumb Code    68  lcd12232.o(i.LCD12232_ShowString8x8Inv)
    LCD12232_WriteCmd                        0x0800299d   Thumb Code    56  lcd12232.o(i.LCD12232_WriteCmd)
    LCD12232_WriteData                       0x080029dd   Thumb Code    54  lcd12232.o(i.LCD12232_WriteData)
    MX_DMA_Init                              0x08002a1d   Thumb Code    36  dma.o(i.MX_DMA_Init)
    MX_GPIO_Init                             0x08002a45   Thumb Code   216  gpio.o(i.MX_GPIO_Init)
    MX_SPI2_Init                             0x08002b25   Thumb Code    66  spi.o(i.MX_SPI2_Init)
    MX_TIM3_Init                             0x08002b71   Thumb Code   110  tim.o(i.MX_TIM3_Init)
    MX_USART1_UART_Init                      0x08002bed   Thumb Code   108  usart.o(i.MX_USART1_UART_Init)
    Menu_Enter                               0x08002c61   Thumb Code    20  menu.o(i.Menu_Enter)
    Menu_Exit                                0x08002c79   Thumb Code    16  menu.o(i.Menu_Exit)
    Menu_Init                                0x08002c8d   Thumb Code     8  menu.o(i.Menu_Init)
    Menu_IsActive                            0x08002c95   Thumb Code     6  menu.o(i.Menu_IsActive)
    Menu_ProcessClick                        0x08002ca1   Thumb Code   382  menu.o(i.Menu_ProcessClick)
    Menu_ProcessLongPress                    0x08002e29   Thumb Code   186  menu.o(i.Menu_ProcessLongPress)
    Menu_ProcessPending                      0x08002ee9   Thumb Code   192  menu.o(i.Menu_ProcessPending)
    Menu_ProcessRotate                       0x08002fe1   Thumb Code   610  menu.o(i.Menu_ProcessRotate)
    NMI_Handler                              0x08003249   Thumb Code     2  stm32g0xx_it.o(i.NMI_Handler)
    PendSV_Handler                           0x0800324b   Thumb Code     2  stm32g0xx_it.o(i.PendSV_Handler)
    SVC_Handler                              0x08003429   Thumb Code     2  stm32g0xx_it.o(i.SVC_Handler)
    SysTick_Handler                          0x08003bfd   Thumb Code    12  stm32g0xx_it.o(i.SysTick_Handler)
    SystemClock_Config                       0x08003c09   Thumb Code    90  main.o(i.SystemClock_Config)
    SystemInit                               0x08003c63   Thumb Code     2  system_stm32g0xx.o(i.SystemInit)
    TIM_Base_SetConfig                       0x08003c65   Thumb Code   150  stm32g0xx_hal_tim.o(i.TIM_Base_SetConfig)
    TIM_CCxChannelCmd                        0x08003d19   Thumb Code    26  stm32g0xx_hal_tim.o(i.TIM_CCxChannelCmd)
    TIM_OC2_SetConfig                        0x08003dc5   Thumb Code   116  stm32g0xx_hal_tim.o(i.TIM_OC2_SetConfig)
    UART_AdvFeatureConfig                    0x08004061   Thumb Code   202  stm32g0xx_hal_uart.o(i.UART_AdvFeatureConfig)
    UART_CheckIdleState                      0x0800412d   Thumb Code   180  stm32g0xx_hal_uart.o(i.UART_CheckIdleState)
    UART_SetConfig                           0x080043b1   Thumb Code   600  stm32g0xx_hal_uart.o(i.UART_SetConfig)
    UART_Start_Receive_DMA                   0x08004645   Thumb Code   160  stm32g0xx_hal_uart.o(i.UART_Start_Receive_DMA)
    UART_WaitOnFlagUntilTimeout              0x080046f1   Thumb Code   144  stm32g0xx_hal_uart.o(i.UART_WaitOnFlagUntilTimeout)
    USART1_IRQHandler                        0x08004781   Thumb Code    10  stm32g0xx_it.o(i.USART1_IRQHandler)
    __0snprintf$6                            0x080047e9   Thumb Code    38  printf6.o(i.__0snprintf$6)
    __1snprintf$6                            0x080047e9   Thumb Code     0  printf6.o(i.__0snprintf$6)
    __2snprintf                              0x080047e9   Thumb Code     0  printf6.o(i.__0snprintf$6)
    __ARM_common_switch8                     0x08004815   Thumb Code    26  menu.o(i.__ARM_common_switch8)
    __scatterload_copy                       0x08004875   Thumb Code    14  handlers.o(i.__scatterload_copy)
    __scatterload_null                       0x08004883   Thumb Code     2  handlers.o(i.__scatterload_null)
    __scatterload_zeroinit                   0x08004885   Thumb Code    14  handlers.o(i.__scatterload_zeroinit)
    button_attach                            0x08004d6b   Thumb Code     8  multi_button.o(i.button_attach)
    button_init                              0x08004f41   Thumb Code    60  multi_button.o(i.button_init)
    button_start                             0x08004f7d   Thumb Code    32  multi_button.o(i.button_start)
    button_ticks                             0x08004fa1   Thumb Code    22  multi_button.o(i.button_ticks)
    main                                     0x08004fbd   Thumb Code   190  main.o(i.main)
    ASC_Font                                 0x080050ec   Data         160  lcd12232.o(.constdata)
    ASCII_Font                               0x0800518c   Data        1520  lcd12232.o(.constdata)
    CN_Font_Test                             0x0800577c   Data          64  lcd12232.o(.constdata)
    ASCII_8x8_Font                           0x080057bc   Data         760  lcd12232.o(.constdata)
    gImage_2                                 0x08005ab4   Data         488  lcd12232.o(.constdata)
    UARTPrescTable                           0x08005cd4   Data          24  stm32g0xx_hal_uart.o(.constdata)
    AHBPrescTable                            0x08005cfc   Data          64  system_stm32g0xx.o(.constdata)
    APBPrescTable                            0x08005d3c   Data          32  system_stm32g0xx.o(.constdata)
    Region$$Table$$Base                      0x08006160   Number         0  anon$$obj.o(Region$$Table)
    Region$$Table$$Limit                     0x08006180   Number         0  anon$$obj.o(Region$$Table)
    uwTickFreq                               0x20000060   Data           1  stm32g0xx_hal.o(.data)
    uwTickPrio                               0x20000064   Data           4  stm32g0xx_hal.o(.data)
    uwTick                                   0x20000068   Data           4  stm32g0xx_hal.o(.data)
    SystemCoreClock                          0x2000006c   Data           4  system_stm32g0xx.o(.data)
    g_rxBufferDMA                            0x200000dc   Data         256  main.o(.bss)
    hspi2                                    0x200001dc   Data         100  spi.o(.bss)
    htim3                                    0x20000240   Data          76  tim.o(.bss)
    huart1                                   0x2000028c   Data         148  usart.o(.bss)
    hdma_usart1_rx                           0x20000320   Data          96  usart.o(.bss)
    __initial_sp                             0x20000c00   Data           0  startup_stm32g0b1xx.o(STACK)



==============================================================================

Memory Map of the image

  Image Entry point : 0x080000bd

  Load Region LR_IROM1 (Base: 0x08000000, Size: 0x000061f0, Max: 0x00040000, ABSOLUTE)

    Execution Region ER_IROM1 (Base: 0x08000000, Size: 0x00006180, Max: 0x00040000, ABSOLUTE)

    Base Addr    Size         Type   Attr      Idx    E Section Name        Object

    0x08000000   0x000000bc   Data   RO            3    RESET               startup_stm32g0b1xx.o
    0x080000bc   0x00000000   Code   RO         4365  * .ARM.Collect$$$$00000000  mc_p.l(entry.o)
    0x080000bc   0x00000004   Code   RO         4647    .ARM.Collect$$$$00000001  mc_p.l(entry2.o)
    0x080000c0   0x00000004   Code   RO         4650    .ARM.Collect$$$$00000004  mc_p.l(entry5.o)
    0x080000c4   0x00000000   Code   RO         4652    .ARM.Collect$$$$00000008  mc_p.l(entry7b.o)
    0x080000c4   0x00000000   Code   RO         4654    .ARM.Collect$$$$0000000A  mc_p.l(entry8b.o)
    0x080000c4   0x00000008   Code   RO         4655    .ARM.Collect$$$$0000000B  mc_p.l(entry9a.o)
    0x080000cc   0x00000000   Code   RO         4657    .ARM.Collect$$$$0000000D  mc_p.l(entry10a.o)
    0x080000cc   0x00000000   Code   RO         4659    .ARM.Collect$$$$0000000F  mc_p.l(entry11a.o)
    0x080000cc   0x00000004   Code   RO         4648    .ARM.Collect$$$$00002712  mc_p.l(entry2.o)
    0x080000d0   0x0000001c   Code   RO            4    .text               startup_stm32g0b1xx.o
    0x080000ec   0x0000002c   Code   RO         4368    .text               mc_p.l(uidiv.o)
    0x08000118   0x00000060   Code   RO         4370    .text               mc_p.l(uldiv.o)
    0x08000178   0x00000024   Code   RO         4372    .text               mc_p.l(memseta.o)
    0x0800019c   0x00000028   Code   RO         4374    .text               mc_p.l(strstr.o)
    0x080001c4   0x0000001a   Code   RO         4376    .text               mc_p.l(strncpy.o)
    0x080001de   0x00000014   Code   RO         4378    .text               mc_p.l(strchr.o)
    0x080001f2   0x0000000e   Code   RO         4380    .text               mc_p.l(strlen.o)
    0x08000200   0x0000001c   Code   RO         4382    .text               mc_p.l(strcmp.o)
    0x0800021c   0x00000014   Code   RO         4384    .text               mc_p.l(memchr.o)
    0x08000230   0x00000020   Code   RO         4664    .text               mc_p.l(llshl.o)
    0x08000250   0x00000022   Code   RO         4666    .text               mc_p.l(llushr.o)
    0x08000272   0x00000002   PAD
    0x08000274   0x00000024   Code   RO         4679    .text               mc_p.l(init.o)
    0x08000298   0x00000018   Code   RO          252    i.App_GoToMain1     encoder.o
    0x080002b0   0x00000024   Code   RO          253    i.App_Init          encoder.o
    0x080002d4   0x0000007c   Code   RO          254    i.App_ProcessClick  encoder.o
    0x08000350   0x00000024   Code   RO          255    i.App_ProcessDoubleClick  encoder.o
    0x08000374   0x000000a0   Code   RO          256    i.App_ProcessRotate  encoder.o
    0x08000414   0x00000030   Code   RO          258    i.App_Update        encoder.o
    0x08000444   0x00000058   Code   RO          892    i.DL04D_DeletePreset  dl04d.o
    0x0800049c   0x00000038   Code   RO          893    i.DL04D_GetGain     dl04d.o
    0x080004d4   0x00000028   Code   RO          895    i.DL04D_GetMute     dl04d.o
    0x080004fc   0x0000000c   Code   RO          896    i.DL04D_GetPresetCount  dl04d.o
    0x08000508   0x00000194   Code   RO          897    i.DL04D_GetPresetList  dl04d.o
    0x0800069c   0x00000020   Code   RO          898    i.DL04D_GetPresetName  dl04d.o
    0x080006bc   0x0000007c   Code   RO          900    i.DL04D_LoadPreset  dl04d.o
    0x08000738   0x00000078   Code   RO          901    i.DL04D_SavePreset  dl04d.o
    0x080007b0   0x00000028   Code   RO          905    i.DL04D_SetAllInputGain  dl04d.o
    0x080007d8   0x0000003c   Code   RO          906    i.DL04D_SetAllInputInverse  dl04d.o
    0x08000814   0x00000030   Code   RO          907    i.DL04D_SetAllInputMute  dl04d.o
    0x08000844   0x00000028   Code   RO          908    i.DL04D_SetAllOutputGain  dl04d.o
    0x0800086c   0x0000003c   Code   RO          909    i.DL04D_SetAllOutputInverse  dl04d.o
    0x080008a8   0x00000030   Code   RO          910    i.DL04D_SetAllOutputMute  dl04d.o
    0x080008d8   0x00000010   Code   RO          800    i.DMA1_Channel1_IRQHandler  stm32g0xx_it.o
    0x080008e8   0x00000048   Code   RO         1921    i.DMA_CalcDMAMUXChannelBaseAndMask  stm32g0xx_hal_dma.o
    0x08000930   0x00000028   Code   RO         1922    i.DMA_CalcDMAMUXRequestGenBaseAndMask  stm32g0xx_hal_dma.o
    0x08000958   0x0000003e   Code   RO         1923    i.DMA_SetConfig     stm32g0xx_hal_dma.o
    0x08000996   0x00000002   PAD
    0x08000998   0x00000024   Code   RO          801    i.EXTI2_3_IRQHandler  stm32g0xx_it.o
    0x080009bc   0x00000024   Code   RO          802    i.EXTI4_15_IRQHandler  stm32g0xx_it.o
    0x080009e0   0x00000010   Code   RO          260    i.Encoder_Init      encoder.o
    0x080009f0   0x00000004   Code   RO          565    i.Error_Handler     main.o
    0x080009f4   0x00000018   Code   RO          262    i.GetGainPtr        encoder.o
    0x08000a0c   0x00000018   Code   RO          263    i.GetInversePtr     encoder.o
    0x08000a24   0x00000018   Code   RO          264    i.GetMutePtr        encoder.o
    0x08000a3c   0x0000006c   Code   RO         1924    i.HAL_DMA_Abort     stm32g0xx_hal_dma.o
    0x08000aa8   0x00000070   Code   RO         1925    i.HAL_DMA_Abort_IT  stm32g0xx_hal_dma.o
    0x08000b18   0x00000004   Code   RO         1927    i.HAL_DMA_GetError  stm32g0xx_hal_dma.o
    0x08000b1c   0x000000c4   Code   RO         1929    i.HAL_DMA_IRQHandler  stm32g0xx_hal_dma.o
    0x08000be0   0x000000cc   Code   RO         1930    i.HAL_DMA_Init      stm32g0xx_hal_dma.o
    0x08000cac   0x0000008c   Code   RO         1934    i.HAL_DMA_Start_IT  stm32g0xx_hal_dma.o
    0x08000d38   0x00000024   Code   RO         2499    i.HAL_Delay         stm32g0xx_hal.o
    0x08000d5c   0x0000004c   Code   RO          265    i.HAL_GPIO_EXTI_Callback  encoder.o
    0x08000da8   0x00000164   Code   RO         1857    i.HAL_GPIO_Init     stm32g0xx_hal_gpio.o
    0x08000f0c   0x0000000a   Code   RO         1859    i.HAL_GPIO_ReadPin  stm32g0xx_hal_gpio.o
    0x08000f16   0x0000000c   Code   RO         1861    i.HAL_GPIO_WritePin  stm32g0xx_hal_gpio.o
    0x08000f22   0x00000002   PAD
    0x08000f24   0x0000000c   Code   RO         2503    i.HAL_GetTick       stm32g0xx_hal.o
    0x08000f30   0x00000010   Code   RO         2509    i.HAL_IncTick       stm32g0xx_hal.o
    0x08000f40   0x00000028   Code   RO         2510    i.HAL_Init          stm32g0xx_hal.o
    0x08000f68   0x00000048   Code   RO         2511    i.HAL_InitTick      stm32g0xx_hal.o
    0x08000fb0   0x00000034   Code   RO          872    i.HAL_MspInit       stm32g0xx_hal_msp.o
    0x08000fe4   0x00000018   Code   RO         2377    i.HAL_NVIC_EnableIRQ  stm32g0xx_hal_cortex.o
    0x08000ffc   0x00000008   Code   RO         2381    i.HAL_NVIC_SetPriority  stm32g0xx_hal_cortex.o
    0x08001004   0x0000004c   Code   RO         2154    i.HAL_PWREx_ControlVoltageScaling  stm32g0xx_hal_pwr_ex.o
    0x08001050   0x00000280   Code   RO         1530    i.HAL_RCCEx_PeriphCLKConfig  stm32g0xx_hal_rcc_ex.o
    0x080012d0   0x00000158   Code   RO         1405    i.HAL_RCC_ClockConfig  stm32g0xx_hal_rcc.o
    0x08001428   0x00000028   Code   RO         1413    i.HAL_RCC_GetPCLK1Freq  stm32g0xx_hal_rcc.o
    0x08001450   0x0000008c   Code   RO         1415    i.HAL_RCC_GetSysClockFreq  stm32g0xx_hal_rcc.o
    0x080014dc   0x00000436   Code   RO         1419    i.HAL_RCC_OscConfig  stm32g0xx_hal_rcc.o
    0x08001912   0x000000ee   Code   RO         1072    i.HAL_SPI_Init      stm32g0xx_hal_spi.o
    0x08001a00   0x0000005c   Code   RO          684    i.HAL_SPI_MspInit   spi.o
    0x08001a5c   0x0000015e   Code   RO         1080    i.HAL_SPI_Transmit  stm32g0xx_hal_spi.o
    0x08001bba   0x00000002   PAD
    0x08001bbc   0x00000014   Code   RO         2523    i.HAL_SYSCFG_StrobeDBattpinsConfig  stm32g0xx_hal.o
    0x08001bd0   0x00000030   Code   RO         2385    i.HAL_SYSTICK_Config  stm32g0xx_hal_cortex.o
    0x08001c00   0x0000007c   Code   RO         3527    i.HAL_TIMEx_MasterConfigSynchronization  stm32g0xx_hal_tim_ex.o
    0x08001c7c   0x00000050   Code   RO          721    i.HAL_TIM_MspPostInit  tim.o
    0x08001ccc   0x00000128   Code   RO         2866    i.HAL_TIM_PWM_ConfigChannel  stm32g0xx_hal_tim.o
    0x08001df4   0x0000004c   Code   RO         2869    i.HAL_TIM_PWM_Init  stm32g0xx_hal_tim.o
    0x08001e40   0x00000024   Code   RO          723    i.HAL_TIM_PWM_MspInit  tim.o
    0x08001e64   0x000000e0   Code   RO         2874    i.HAL_TIM_PWM_Start  stm32g0xx_hal_tim.o
    0x08001f44   0x0000003c   Code   RO         4219    i.HAL_UARTEx_DisableFifoMode  stm32g0xx_hal_uart_ex.o
    0x08001f80   0x0000006c   Code   RO         4225    i.HAL_UARTEx_ReceiveToIdle_DMA  stm32g0xx_hal_uart_ex.o
    0x08001fec   0x00000034   Code   RO          566    i.HAL_UARTEx_RxEventCallback  main.o
    0x08002020   0x00000002   Code   RO         4227    i.HAL_UARTEx_RxFifoFullCallback  stm32g0xx_hal_uart_ex.o
    0x08002022   0x00000048   Code   RO         4228    i.HAL_UARTEx_SetRxFifoThreshold  stm32g0xx_hal_uart_ex.o
    0x0800206a   0x00000046   Code   RO         4229    i.HAL_UARTEx_SetTxFifoThreshold  stm32g0xx_hal_uart_ex.o
    0x080020b0   0x00000002   Code   RO         4231    i.HAL_UARTEx_TxFifoEmptyCallback  stm32g0xx_hal_uart_ex.o
    0x080020b2   0x00000002   Code   RO         4232    i.HAL_UARTEx_WakeupCallback  stm32g0xx_hal_uart_ex.o
    0x080020b4   0x000000bc   Code   RO         3815    i.HAL_UART_AbortReceive  stm32g0xx_hal_uart.o
    0x08002170   0x00000002   Code   RO         3828    i.HAL_UART_ErrorCallback  stm32g0xx_hal_uart.o
    0x08002172   0x00000002   PAD
    0x08002174   0x00000304   Code   RO         3831    i.HAL_UART_IRQHandler  stm32g0xx_hal_uart.o
    0x08002478   0x0000006c   Code   RO         3832    i.HAL_UART_Init     stm32g0xx_hal_uart.o
    0x080024e4   0x000000c0   Code   RO          766    i.HAL_UART_MspInit  usart.o
    0x080025a4   0x00000108   Code   RO         3835    i.HAL_UART_Receive  stm32g0xx_hal_uart.o
    0x080026ac   0x00000002   Code   RO         3839    i.HAL_UART_RxCpltCallback  stm32g0xx_hal_uart.o
    0x080026ae   0x00000002   Code   RO         3840    i.HAL_UART_RxHalfCpltCallback  stm32g0xx_hal_uart.o
    0x080026b0   0x000000d6   Code   RO         3841    i.HAL_UART_Transmit  stm32g0xx_hal_uart.o
    0x08002786   0x00000002   Code   RO         3844    i.HAL_UART_TxCpltCallback  stm32g0xx_hal_uart.o
    0x08002788   0x00000002   Code   RO          803    i.HardFault_Handler  stm32g0xx_it.o
    0x0800278a   0x00000026   Code   RO           12    i.LCD12232_Clear    lcd12232.o
    0x080027b0   0x00000030   Code   RO           16    i.LCD12232_DispPic_122x32  lcd12232.o
    0x080027e0   0x00000022   Code   RO           17    i.LCD12232_FillRow  lcd12232.o
    0x08002802   0x00000002   PAD
    0x08002804   0x000000ec   Code   RO           18    i.LCD12232_Init     lcd12232.o
    0x080028f0   0x00000020   Code   RO           20    i.LCD12232_SetPos   lcd12232.o
    0x08002910   0x00000044   Code   RO           24    i.LCD12232_ShowString8x8  lcd12232.o
    0x08002954   0x00000048   Code   RO           25    i.LCD12232_ShowString8x8Inv  lcd12232.o
    0x0800299c   0x00000040   Code   RO           26    i.LCD12232_WriteCmd  lcd12232.o
    0x080029dc   0x00000040   Code   RO           27    i.LCD12232_WriteData  lcd12232.o
    0x08002a1c   0x00000028   Code   RO          663    i.MX_DMA_Init       dma.o
    0x08002a44   0x000000e0   Code   RO          643    i.MX_GPIO_Init      gpio.o
    0x08002b24   0x0000004c   Code   RO          685    i.MX_SPI2_Init      spi.o
    0x08002b70   0x0000007c   Code   RO          724    i.MX_TIM3_Init      tim.o
    0x08002bec   0x00000074   Code   RO          767    i.MX_USART1_UART_Init  usart.o
    0x08002c60   0x00000018   Code   RO          376    i.Menu_Enter        menu.o
    0x08002c78   0x00000014   Code   RO          377    i.Menu_Exit         menu.o
    0x08002c8c   0x00000008   Code   RO          378    i.Menu_Init         menu.o
    0x08002c94   0x0000000c   Code   RO          379    i.Menu_IsActive     menu.o
    0x08002ca0   0x00000188   Code   RO          380    i.Menu_ProcessClick  menu.o
    0x08002e28   0x000000c0   Code   RO          381    i.Menu_ProcessLongPress  menu.o
    0x08002ee8   0x000000f8   Code   RO          382    i.Menu_ProcessPending  menu.o
    0x08002fe0   0x00000268   Code   RO          383    i.Menu_ProcessRotate  menu.o
    0x08003248   0x00000002   Code   RO          804    i.NMI_Handler       stm32g0xx_it.o
    0x0800324a   0x00000002   Code   RO          805    i.PendSV_Handler    stm32g0xx_it.o
    0x0800324c   0x0000004c   Code   RO         1110    i.SPI_EndRxTxTransaction  stm32g0xx_hal_spi.o
    0x08003298   0x000000d8   Code   RO         1115    i.SPI_WaitFifoStateUntilTimeout  stm32g0xx_hal_spi.o
    0x08003370   0x000000b8   Code   RO         1116    i.SPI_WaitFlagStateUntilTimeout  stm32g0xx_hal_spi.o
    0x08003428   0x00000002   Code   RO          806    i.SVC_Handler       stm32g0xx_it.o
    0x0800342a   0x00000002   PAD
    0x0800342c   0x00000020   Code   RO          385    i.SetBacklight      menu.o
    0x0800344c   0x00000078   Code   RO          386    i.ShowAudioMenu     menu.o
    0x080034c4   0x000000c4   Code   RO          387    i.ShowDefaultPage   menu.o
    0x08003588   0x000000c0   Code   RO          388    i.ShowEq2Page       menu.o
    0x08003648   0x000000cc   Code   RO          389    i.ShowEqPage        menu.o
    0x08003714   0x00000038   Code   RO          390    i.ShowInfoPage      menu.o
    0x0800374c   0x00000078   Code   RO          391    i.ShowMainMenu      menu.o
    0x080037c4   0x00000190   Code   RO          266    i.ShowMainPage      encoder.o
    0x08003954   0x00000140   Code   RO          392    i.ShowPresetListPage  menu.o
    0x08003a94   0x000000c8   Code   RO          393    i.ShowSettingsMenu  menu.o
    0x08003b5c   0x000000a0   Code   RO          394    i.ShowSysPage       menu.o
    0x08003bfc   0x0000000c   Code   RO          807    i.SysTick_Handler   stm32g0xx_it.o
    0x08003c08   0x0000005a   Code   RO          567    i.SystemClock_Config  main.o
    0x08003c62   0x00000002   Code   RO         4334    i.SystemInit        system_stm32g0xx.o
    0x08003c64   0x000000b4   Code   RO         2887    i.TIM_Base_SetConfig  stm32g0xx_hal_tim.o
    0x08003d18   0x0000001a   Code   RO         2888    i.TIM_CCxChannelCmd  stm32g0xx_hal_tim.o
    0x08003d32   0x00000002   PAD
    0x08003d34   0x00000090   Code   RO         2900    i.TIM_OC1_SetConfig  stm32g0xx_hal_tim.o
    0x08003dc4   0x00000088   Code   RO         2901    i.TIM_OC2_SetConfig  stm32g0xx_hal_tim.o
    0x08003e4c   0x00000088   Code   RO         2902    i.TIM_OC3_SetConfig  stm32g0xx_hal_tim.o
    0x08003ed4   0x00000074   Code   RO         2903    i.TIM_OC4_SetConfig  stm32g0xx_hal_tim.o
    0x08003f48   0x00000068   Code   RO         2904    i.TIM_OC5_SetConfig  stm32g0xx_hal_tim.o
    0x08003fb0   0x0000006c   Code   RO         2905    i.TIM_OC6_SetConfig  stm32g0xx_hal_tim.o
    0x0800401c   0x00000044   Code   RO         4233    i.UARTEx_SetNbDataToProcess  stm32g0xx_hal_uart_ex.o
    0x08004060   0x000000ca   Code   RO         3846    i.UART_AdvFeatureConfig  stm32g0xx_hal_uart.o
    0x0800412a   0x00000002   PAD
    0x0800412c   0x000000b8   Code   RO         3847    i.UART_CheckIdleState  stm32g0xx_hal_uart.o
    0x080041e4   0x0000000a   Code   RO         3848    i.UART_DMAAbortOnError  stm32g0xx_hal_uart.o
    0x080041ee   0x00000040   Code   RO         3849    i.UART_DMAError     stm32g0xx_hal_uart.o
    0x0800422e   0x000000aa   Code   RO         3850    i.UART_DMAReceiveCplt  stm32g0xx_hal_uart.o
    0x080042d8   0x00000038   Code   RO         3852    i.UART_DMARxHalfCplt  stm32g0xx_hal_uart.o
    0x08004310   0x00000064   Code   RO         3858    i.UART_EndRxTransfer  stm32g0xx_hal_uart.o
    0x08004374   0x0000003c   Code   RO         3859    i.UART_EndTxTransfer  stm32g0xx_hal_uart.o
    0x080043b0   0x00000294   Code   RO         3864    i.UART_SetConfig    stm32g0xx_hal_uart.o
    0x08004644   0x000000ac   Code   RO         3865    i.UART_Start_Receive_DMA  stm32g0xx_hal_uart.o
    0x080046f0   0x00000090   Code   RO         3871    i.UART_WaitOnFlagUntilTimeout  stm32g0xx_hal_uart.o
    0x08004780   0x00000010   Code   RO          808    i.USART1_IRQHandler  stm32g0xx_it.o
    0x08004790   0x00000024   Code   RO          395    i.UpdateBacklight   menu.o
    0x080047b4   0x00000034   Code   RO          913    i._PresetExists     dl04d.o
    0x080047e8   0x0000002c   Code   RO         4542    i.__0snprintf$6     mc_p.l(printf6.o)
    0x08004814   0x0000001a   Code   RO          498    i.__ARM_common_switch8  menu.o
    0x0800482e   0x00000002   PAD
    0x08004830   0x00000044   Code   RO         2387    i.__NVIC_SetPriority  stm32g0xx_hal_cortex.o
    0x08004874   0x0000000e   Code   RO         4691    i.__scatterload_copy  mc_p.l(handlers.o)
    0x08004882   0x00000002   Code   RO         4692    i.__scatterload_null  mc_p.l(handlers.o)
    0x08004884   0x0000000e   Code   RO         4693    i.__scatterload_zeroinit  mc_p.l(handlers.o)
    0x08004892   0x00000002   PAD
    0x08004894   0x00000304   Code   RO         4548    i._printf_core      mc_p.l(printf6.o)
    0x08004b98   0x00000020   Code   RO         4549    i._printf_post_padding  mc_p.l(printf6.o)
    0x08004bb8   0x0000002c   Code   RO         4550    i._printf_pre_padding  mc_p.l(printf6.o)
    0x08004be4   0x000000ac   Code   RO          914    i._recv_response    dl04d.o
    0x08004c90   0x00000034   Code   RO          916    i._send_to_dsp      dl04d.o
    0x08004cc4   0x00000090   Code   RO          917    i._send_udp         dl04d.o
    0x08004d54   0x00000016   Code   RO         4551    i._snputc           mc_p.l(printf6.o)
    0x08004d6a   0x00000008   Code   RO          508    i.button_attach     multi_button.o
    0x08004d72   0x00000002   PAD
    0x08004d74   0x000001cc   Code   RO          509    i.button_handler    multi_button.o
    0x08004f40   0x0000003c   Code   RO          510    i.button_init       multi_button.o
    0x08004f7c   0x00000024   Code   RO          511    i.button_start      multi_button.o
    0x08004fa0   0x0000001c   Code   RO          513    i.button_ticks      multi_button.o
    0x08004fbc   0x000000e4   Code   RO          568    i.main              main.o
    0x080050a0   0x00000010   Code   RO          569    i.on_double_click   main.o
    0x080050b0   0x00000016   Code   RO          570    i.on_long_press_start  main.o
    0x080050c6   0x00000016   Code   RO          571    i.on_single_click   main.o
    0x080050dc   0x00000010   Code   RO          572    i.read_enc_key      main.o
    0x080050ec   0x000009c8   Data   RO           28    .constdata          lcd12232.o
    0x08005ab4   0x000001e8   Data   RO           30    .constdata          lcd12232.o
    0x08005c9c   0x00000030   Data   RO          397    .constdata          menu.o
    0x08005ccc   0x00000008   Data   RO          919    .constdata          dl04d.o
    0x08005cd4   0x00000018   Data   RO         3872    .constdata          stm32g0xx_hal_uart.o
    0x08005cec   0x00000010   Data   RO         4234    .constdata          stm32g0xx_hal_uart_ex.o
    0x08005cfc   0x00000040   Data   RO         4335    .constdata          system_stm32g0xx.o
    0x08005d3c   0x00000020   Data   RO         4336    .constdata          system_stm32g0xx.o
    0x08005d5c   0x00000071   Data   RO          398    .conststring        menu.o
    0x08005dcd   0x00000003   PAD
    0x08005dd0   0x0000038f   Data   RO          920    .conststring        dl04d.o
    0x0800615f   0x00000001   PAD
    0x08006160   0x00000020   Data   RO         4689    Region$$Table       anon$$obj.o


    Execution Region RW_IRAM1 (Base: 0x20000000, Size: 0x00000c00, Max: 0x00024000, ABSOLUTE)

    Base Addr    Size         Type   Attr      Idx    E Section Name        Object

    0x20000000   0x00000001   Data   RW           32    .data               lcd12232.o
    0x20000001   0x00000003   PAD
    0x20000004   0x00000014   Data   RW          267    .data               encoder.o
    0x20000018   0x00000040   Data   RW          399    .data               menu.o
    0x20000058   0x00000004   Data   RW          515    .data               multi_button.o
    0x2000005c   0x00000002   Data   RW          921    .data               dl04d.o
    0x2000005e   0x00000002   PAD
    0x20000060   0x0000000c   Data   RW         2529    .data               stm32g0xx_hal.o
    0x2000006c   0x00000004   Data   RW         4337    .data               system_stm32g0xx.o
    0x20000070   0x00000040   Zero   RW          396    .bss                menu.o
    0x200000b0   0x0000012c   Zero   RW          573    .bss                main.o
    0x200001dc   0x00000064   Zero   RW          686    .bss                spi.o
    0x20000240   0x0000004c   Zero   RW          725    .bss                tim.o
    0x2000028c   0x000000f4   Zero   RW          768    .bss                usart.o
    0x20000380   0x00000480   Zero   RW          918    .bss                dl04d.o
    0x20000800   0x00000400   Zero   RW            1    STACK               startup_stm32g0b1xx.o


==============================================================================

Image component sizes


      Code (inc. data)   RO Data    RW Data    ZI Data      Debug   Object Name

      1592        458        919          2       1152      11699   dl04d.o
        40          4          0          0          0        774   dma.o
       992        146          0         20          0       8468   encoder.o
       224          8          0          0          0       1003   gpio.o
       656         30       2992          1          0     595058   lcd12232.o
       450         54          0          0        300       4991   main.o
      3174        476        161         64         64      14548   menu.o
       592         22          0          4          0       4112   multi_button.o
       168         22          0          0        100       1657   spi.o
        28          8        188          0       1024        648   startup_stm32g0b1xx.o
       196         30          0         12          0      22220   stm32g0xx_hal.o
       148         24          0          0          0      12025   stm32g0xx_hal_cortex.o
       938         42          0          0          0       6377   stm32g0xx_hal_dma.o
         0          0          0          0          0       2736   stm32g0xx_hal_flash.o
       378         20          0          0          0       2491   stm32g0xx_hal_gpio.o
        52          6          0          0          0        870   stm32g0xx_hal_msp.o
        76         14          0          0          0        718   stm32g0xx_hal_pwr_ex.o
      1602         86          0          0          0      30037   stm32g0xx_hal_rcc.o
       640         22          0          0          0       1812   stm32g0xx_hal_rcc_ex.o
      1064          8          0          0          0       4770   stm32g0xx_hal_spi.o
      1546        184          0          0          0       8682   stm32g0xx_hal_tim.o
       124         16          0          0          0       1400   stm32g0xx_hal_tim_ex.o
      3376        108         24          0          0      39227   stm32g0xx_hal_uart.o
       384          6         16          0          0       6105   stm32g0xx_hal_uart_ex.o
       124         24          0          0          0       4189   stm32g0xx_it.o
         2          0         96          4          0       1171   system_stm32g0xx.o
       240         34          0          0         76       2271   tim.o
       308         28          0          0        244       1861   usart.o

    ----------------------------------------------------------------------
     19134       1880       4432        112       2960     791920   Object Totals
         0          0         32          0          0          0   (incl. Generated)
        20          0          4          5          0          0   (incl. Padding)

    ----------------------------------------------------------------------

      Code (inc. data)   RO Data    RW Data    ZI Data      Debug   Library Member Name

         0          0          0          0          0          0   entry.o
         0          0          0          0          0          0   entry10a.o
         0          0          0          0          0          0   entry11a.o
         8          4          0          0          0          0   entry2.o
         4          0          0          0          0          0   entry5.o
         0          0          0          0          0          0   entry7b.o
         0          0          0          0          0          0   entry8b.o
         8          4          0          0          0          0   entry9a.o
        30          0          0          0          0          0   handlers.o
        36          8          0          0          0         68   init.o
        32          0          0          0          0         68   llshl.o
        34          0          0          0          0         68   llushr.o
        20          0          0          0          0         60   memchr.o
        36          0          0          0          0        100   memseta.o
       914         10          0          0          0        384   printf6.o
        20          0          0          0          0         60   strchr.o
        28          0          0          0          0         68   strcmp.o
        14          0          0          0          0         60   strlen.o
        26          0          0          0          0         68   strncpy.o
        40          0          0          0          0         72   strstr.o
        44          0          0          0          0         72   uidiv.o
        96          0          0          0          0         84   uldiv.o

    ----------------------------------------------------------------------
      1394         26          0          0          0       1232   Library Totals
         4          0          0          0          0          0   (incl. Padding)

    ----------------------------------------------------------------------

      Code (inc. data)   RO Data    RW Data    ZI Data      Debug   Library Name

      1390         26          0          0          0       1232   mc_p.l

    ----------------------------------------------------------------------
      1394         26          0          0          0       1232   Library Totals

    ----------------------------------------------------------------------

==============================================================================


      Code (inc. data)   RO Data    RW Data    ZI Data      Debug   

     20528       1906       4432        112       2960     785604   Grand Totals
     20528       1906       4432        112       2960     785604   ELF Image Totals
     20528       1906       4432        112          0          0   ROM Totals

==============================================================================

    Total RO  Size (Code + RO Data)                24960 (  24.38kB)
    Total RW  Size (RW Data + ZI Data)              3072 (   3.00kB)
    Total ROM Size (Code + RO Data + RW Data)      25072 (  24.48kB)

==============================================================================

